E/Sensors (  357): sensors_poll_context_t::pollEvents, line 202: receive event #### i=3, nb=1
E/Sensors (  357): sensors_poll_context_t::pollEvents, line 202: receive event #### i=3, nb=1
E/Sensors (  357): sensors_poll_context_t::pollEvents, line 202: receive event #### i=3, nb=1
E/Sensors (  357): sensors_poll_context_t::pollEvents, line 202: receive event #### i=3, nb=1
E/Sensors (  357): sensors_poll_context_t::pollEvents, line 202: receive event #### i=3, nb=1
E/Sensors (  357): sensors_poll_context_t::pollEvents, line 202: receive event #### i=3, nb=1
E/Sensors (  357): sensors_poll_context_t::pollEvents, line 202: receive event #### i=3, nb=1
E/Sensors (  357): sensors_poll_context_t::pollEvents, line 202: receive event #### i=3, nb=1
E/Sensors (  357): sensors_poll_context_t::pollEvents, line 202: receive event #### i=3, nb=1
E/Sensors (  357): sensors_poll_context_t::pollEvents, line 202: receive event #### i=3, nb=1
E/Sensors (  357): sensors_poll_context_t::pollEvents, line 202: receive event #### i=3, nb=1
E/Sensors (  357): sensors_poll_context_t::pollEvents, line 202: receive event #### i=3, nb=1
E/Sensors (  357): sensors_poll_context_t::pollEvents, line 202: receive event #### i=3, nb=1
E/Sensors (  357): sensors_poll_context_t::pollEvents, line 202: receive event #### i=3, nb=1
E/Sensors (  357): sensors_poll_context_t::pollEvents, line 202: receive event #### i=3, nb=1
E/Sensors (  357): sensors_poll_context_t::pollEvents, line 202: receive event #### i=3, nb=1
E/Sensors (  357): sensors_poll_context_t::pollEvents, line 202: receive event #### i=3, nb=1
E/Sensors (  357): sensors_poll_context_t::pollEvents, line 202: receive event #### i=3, nb=1
E/Sensors (  357): sensors_poll_context_t::pollEvents, line 202: receive event #### i=3, nb=1
E/Sensors (  357): sensors_poll_context_t::pollEvents, line 202: receive event #### i=3, nb=1
E/Sensors (  357): sensors_poll_context_t::pollEvents, line 202: receive event #### i=3, nb=1
E/Sensors (  357): sensors_poll_context_t::pollEvents, line 202: receive event #### i=3, nb=1
E/Sensors (  357): sensors_poll_context_t::pollEvents, line 202: receive event #### i=3, nb=1
E/Sensors (  357): sensors_poll_context_t::pollEvents, line 202: receive event #### i=3, nb=1
E/Sensors (  357): sensors_poll_context_t::pollEvents, line 202: receive event #### i=3, nb=1
E/Sensors (  357): sensors_poll_context_t::pollEvents, line 202: receive event #### i=3, nb=1
E/Sensors (  357): sensors_poll_context_t::pollEvents, line 202: receive event #### i=3, nb=1
E/Sensors (  357): sensors_poll_context_t::pollEvents, line 202: receive event #### i=3, nb=1
E/Sensors (  357): sensors_poll_context_t::pollEvents, line 202: receive event #### i=3, nb=1
E/Sensors (  357): sensors_poll_context_t::pollEvents, line 202: receive event #### i=3, nb=1
E/Sensors (  357): sensors_poll_context_t::pollEvents, line 202: receive event #### i=3, nb=1
W/lights  (  357): LCD backlight current value =101
W/lights  (  357): lcd_backlight:property_get,percent =0
W/lights  (  357): LCD backlight current value =100
W/lights  (  357): lcd_backlight:property_get,percent =0
W/lights  (  357): LCD backlight current value =99
W/lights  (  357): lcd_backlight:property_get,percent =0
W/lights  (  357): LCD backlight current value =98
W/lights  (  357): lcd_backlight:property_get,percent =0
W/lights  (  357): LCD backlight current value =97
W/lights  (  357): lcd_backlight:property_get,percent =0
W/lights  (  357): LCD backlight current value =95
W/lights  (  357): lcd_backlight:property_get,percent =0
W/lights  (  357): LCD backlight current value =94
W/lights  (  357): lcd_backlight:property_get,percent =0
W/lights  (  357): LCD backlight current value =92
W/lights  (  357): lcd_backlight:property_get,percent =0
W/lights  (  357): LCD backlight current value =91
W/lights  (  357): lcd_backlight:property_get,percent =0
W/lights  (  357): LCD backlight current value =90
W/lights  (  357): lcd_backlight:property_get,percent =0
W/lights  (  357): LCD backlight current value =89
W/lights  (  357): lcd_backlight:property_get,percent =0
W/lights  (  357): LCD backlight current value =88
W/lights  (  357): lcd_backlight:property_get,percent =0
W/lights  (  357): LCD backlight current value =86
W/lights  (  357): lcd_backlight:property_get,percent =0
W/lights  (  357): LCD backlight current value =84
W/lights  (  357): lcd_backlight:property_get,percent =0
W/lights  (  357): LCD backlight current value =83
W/lights  (  357): lcd_backlight:property_get,percent =0
W/lights  (  357): LCD backlight current value =82
W/lights  (  357): lcd_backlight:property_get,percent =0
W/lights  (  357): LCD backlight current value =81
W/lights  (  357): lcd_backlight:property_get,percent =0
W/lights  (  357): LCD backlight current value =79
W/lights  (  357): lcd_backlight:property_get,percent =0
W/lights  (  357): LCD backlight current value =78
W/lights  (  357): lcd_backlight:property_get,percent =0
W/lights  (  357): LCD backlight current value =77
W/lights  (  357): lcd_backlight:property_get,percent =0
W/lights  (  357): LCD backlight current value =75
W/lights  (  357): lcd_backlight:property_get,percent =0
W/lights  (  357): LCD backlight current value =73
W/lights  (  357): lcd_backlight:property_get,percent =0
W/lights  (  357): LCD backlight current value =72
W/lights  (  357): lcd_backlight:property_get,percent =0
W/lights  (  357): LCD backlight current value =71
W/lights  (  357): lcd_backlight:property_get,percent =0
W/lights  (  357): LCD backlight current value =70
W/lights  (  357): lcd_backlight:property_get,percent =0
W/lights  (  357): LCD backlight current value =69
W/lights  (  357): lcd_backlight:property_get,percent =0
W/lights  (  357): LCD backlight current value =66
W/lights  (  357): lcd_backlight:property_get,percent =0
W/lights  (  357): LCD backlight current value =65
W/lights  (  357): lcd_backlight:property_get,percent =0
W/lights  (  357): LCD backlight current value =64
W/lights  (  357): lcd_backlight:property_get,percent =0
W/lights  (  357): LCD backlight current value =63
W/lights  (  357): lcd_backlight:property_get,percent =0
W/lights  (  357): LCD backlight current value =60
W/lights  (  357): lcd_backlight:property_get,percent =0
W/lights  (  357): LCD backlight current value =59
W/lights  (  357): lcd_backlight:property_get,percent =0
W/lights  (  357): LCD backlight current value =58
W/lights  (  357): lcd_backlight:property_get,percent =0
W/lights  (  357): LCD backlight current value =57
W/lights  (  357): lcd_backlight:property_get,percent =0
W/lights  (  357): LCD backlight current value =56
W/lights  (  357): lcd_backlight:property_get,percent =0
W/lights  (  357): LCD backlight current value =55
W/lights  (  357): lcd_backlight:property_get,percent =0
W/lights  (  357): LCD backlight current value =54
W/lights  (  357): lcd_backlight:property_get,percent =0
W/lights  (  357): LCD backlight current value =53
W/lights  (  357): lcd_backlight:property_get,percent =0
W/lights  (  357): LCD backlight current value =52
W/lights  (  357): lcd_backlight:property_get,percent =0
W/lights  (  357): LCD backlight current value =51
W/lights  (  357): lcd_backlight:property_get,percent =0
W/lights  (  357): LCD backlight current value =50
W/lights  (  357): lcd_backlight:property_get,percent =0
W/lights  (  357): LCD backlight current value =47
W/lights  (  357): lcd_backlight:property_get,percent =0
W/lights  (  357): LCD backlight current value =46
W/lights  (  357): lcd_backlight:property_get,percent =0
W/lights  (  357): LCD backlight current value =45
W/lights  (  357): lcd_backlight:property_get,percent =0
W/lights  (  357): LCD backlight current value =44
W/lights  (  357): lcd_backlight:property_get,percent =0
W/lights  (  357): LCD backlight current value =42
W/lights  (  357): lcd_backlight:property_get,percent =0
W/lights  (  357): LCD backlight current value =40
W/lights  (  357): lcd_backlight:property_get,percent =0
W/lights  (  357): LCD backlight current value =39
W/lights  (  357): lcd_backlight:property_get,percent =0
W/lights  (  357): LCD backlight current value =38
W/lights  (  357): lcd_backlight:property_get,percent =0
W/lights  (  357): LCD backlight current value =36
W/lights  (  357): lcd_backlight:property_get,percent =0
W/lights  (  357): LCD backlight current value =35
W/lights  (  357): lcd_backlight:property_get,percent =0
W/lights  (  357): LCD backlight current value =34
W/lights  (  357): lcd_backlight:property_get,percent =0
W/lights  (  357): LCD backlight current value =32
W/lights  (  357): lcd_backlight:property_get,percent =0
W/lights  (  357): LCD backlight current value =31
W/lights  (  357): lcd_backlight:property_get,percent =0
W/lights  (  357): LCD backlight current value =29
W/lights  (  357): lcd_backlight:property_get,percent =0
W/lights  (  357): LCD backlight current value =28
W/lights  (  357): lcd_backlight:property_get,percent =0
W/lights  (  357): LCD backlight current value =27
W/lights  (  357): lcd_backlight:property_get,percent =0
W/lights  (  357): LCD backlight current value =25
W/lights  (  357): lcd_backlight:property_get,percent =0
W/lights  (  357): LCD backlight current value =24
W/lights  (  357): lcd_backlight:property_get,percent =0
W/lights  (  357): LCD backlight current value =22
W/lights  (  357): lcd_backlight:property_get,percent =0
W/lights  (  357): LCD backlight current value =21
W/lights  (  357): lcd_backlight:property_get,percent =0
E/Sensors (  357): sensors_poll_context_t::pollEvents, line 202: receive event #### i=3, nb=1
W/lights  (  357): LCD backlight current value =20
W/lights  (  357): lcd_backlight:property_get,percent =0
E/Sensors (  357): sensors_poll_context_t::pollEvents, line 202: receive event #### i=3, nb=1
E/Sensors (  357): sensors_poll_context_t::pollEvents, line 202: receive event #### i=3, nb=1
E/Sensors (  357): sensors_poll_context_t::pollEvents, line 202: receive event #### i=3, nb=1
E/Sensors (  357): sensors_poll_context_t::pollEvents, line 202: receive event #### i=3, nb=1
W/lights  (  357): TP Button Light current value is 0 
W/lights  (  357): button_backlight:property_get,percent =0
D/SurfaceFlinger(  156): About to give-up screen, flinger = 0x4147bb88
E/Sensors (  357): GsSensor: line +83 ~~~handle===0~~en==0~~!n
W/lights  (  357): LCD backlight current value =19
W/lights  (  357): lcd_backlight:property_get,percent =0
E/Sensors (  357): GsSensor::setDelay: line +114 ~~~handle===0~~ns==66667000~~
W/lights  (  357): LCD backlight current value =18
W/lights  (  357): lcd_backlight:property_get,percent =0
W/lights  (  357): LCD backlight current value =17
W/lights  (  357): lcd_backlight:property_get,percent =0
W/lights  (  357): LCD backlight current value =16
W/lights  (  357): lcd_backlight:property_get,percent =0
W/lights  (  357): LCD backlight current value =15
W/lights  (  357): lcd_backlight:property_get,percent =0
W/lights  (  357): LCD backlight current value =12
W/lights  (  357): lcd_backlight:property_get,percent =0
W/lights  (  357): LCD backlight current value =10
W/lights  (  357): lcd_backlight:property_get,percent =0
W/lights  (  357): LCD backlight current value =9
W/lights  (  357): lcd_backlight:property_get,percent =0
W/lights  (  357): LCD backlight current value =7
W/lights  (  357): lcd_backlight:property_get,percent =0
D/dalvikvm(  357): GC_CONCURRENT freed 627K, 34% free 8161K/12359K, paused 7ms+6ms, total 70ms
D/dalvikvm(  357): WAIT_FOR_CONCURRENT_GC blocked 36ms
W/lights  (  357): LCD backlight current value =5
W/lights  (  357): lcd_backlight:property_get,percent =0
W/lights  (  357): LCD backlight current value =4
W/lights  (  357): lcd_backlight:property_get,percent =0
D/AccelerometerListener(  577): enable(false)
W/lights  (  357): LCD backlight current value =2
W/lights  (  357): lcd_backlight:property_get,percent =0
W/lights  (  357): LCD backlight current value =0
W/lights  (  357): lcd_backlight:property_get,percent =0
V/LockPatternKeyguardView(  357): Set visibility on com.android.internal.policy.impl.LockPatternKeyguardView$5@410a0720 to 8388608
V/TransportControlView(  357): Create TCV com.android.internal.widget.TransportControlView@41371748
V/KeyguardViewManager(  357): KGVM: Set visibility on com.android.internal.policy.impl.KeyguardViewManager$KeyguardViewHost@410e2a08 to 6291456
D/PhoneStatusBar(  484): disable: < expand icons alerts ticker system_info back home RECENT* clock >
V/LockPatternKeyguardView(  357): Set visibility on com.android.internal.policy.impl.LockPatternKeyguardView$5@410a0720 to 8388608
D/PhoneStatusBar(  484): disable: < expand icons alerts ticker system_info BACK* HOME* RECENT CLOCK* >
V/LockPatternKeyguardView(  357): Set visibility on com.android.internal.policy.impl.LockPatternKeyguardView$5@410a0720 to 8388608
W/ThrottleService(  357): unable to find stats for iface rmnet0
W/SocketClient(  153): write error (Broken pipe)
D/dalvikvm(  357): GC_CONCURRENT freed 2741K, 42% free 7197K/12359K, paused 8ms+6ms, total 95ms
W/lights  (  357): TP Button Light current value is 102 
W/lights  (  357): button_backlight:property_get,percent =0
E/Sensors (  357): GsSensor: line +83 ~~~handle===0~~en==1~~!n
E/Sensors (  357): GsSensor::setDelay: line +114 ~~~handle===0~~ns==200000000~~
E/Sensors (  357): GsSensor::setDelay: line +114 ~~~handle===0~~ns==66667000~~
D/AccelerometerListener(  577): enable(false)
I/WindowManager(  357): Lock screen displayed!
W/lights  (  357): LCD backlight current value =1
W/lights  (  357): lcd_backlight:property_get,percent =0
W/lights  (  357): LCD backlight current value =2
W/lights  (  357): lcd_backlight:property_get,percent =0
W/lights  (  357): LCD backlight current value =3
W/lights  (  357): lcd_backlight:property_get,percent =0
W/lights  (  357): LCD backlight current value =4
W/lights  (  357): lcd_backlight:property_get,percent =0
W/lights  (  357): LCD backlight current value =5
W/lights  (  357): lcd_backlight:property_get,percent =0
W/lights  (  357): LCD backlight current value =6
W/lights  (  357): lcd_backlight:property_get,percent =0
W/lights  (  357): LCD backlight current value =7
W/lights  (  357): lcd_backlight:property_get,percent =0
W/lights  (  357): LCD backlight current value =8
W/lights  (  357): lcd_backlight:property_get,percent =0
W/lights  (  357): LCD backlight current value =7
W/lights  (  357): lcd_backlight:property_get,percent =0
W/lights  (  357): LCD backlight current value =9
W/lights  (  357): lcd_backlight:property_get,percent =0
W/lights  (  357): LCD backlight current value =11
W/lights  (  357): lcd_backlight:property_get,percent =0
W/lights  (  357): LCD backlight current value =13
W/lights  (  357): lcd_backlight:property_get,percent =0
W/lights  (  357): LCD backlight current value =14
W/lights  (  357): lcd_backlight:property_get,percent =0
W/lights  (  357): LCD backlight current value =16
W/lights  (  357): lcd_backlight:property_get,percent =0
W/lights  (  357): LCD backlight current value =18
W/lights  (  357): lcd_backlight:property_get,percent =0
W/lights  (  357): LCD backlight current value =20
W/lights  (  357): lcd_backlight:property_get,percent =0
W/lights  (  357): LCD backlight current value =21
W/lights  (  357): lcd_backlight:property_get,percent =0
W/lights  (  357): LCD backlight current value =23
W/lights  (  357): lcd_backlight:property_get,percent =0
W/lights  (  357): LCD backlight current value =25
W/lights  (  357): lcd_backlight:property_get,percent =0
W/lights  (  357): LCD backlight current value =27
W/lights  (  357): lcd_backlight:property_get,percent =0
W/lights  (  357): LCD backlight current value =28
W/lights  (  357): lcd_backlight:property_get,percent =0
W/lights  (  357): LCD backlight current value =30
W/lights  (  357): lcd_backlight:property_get,percent =0
D/SurfaceFlinger(  156): Screen about to return, flinger = 0x4147bb88
W/lights  (  357): LCD backlight current value =32
W/lights  (  357): lcd_backlight:property_get,percent =0
W/lights  (  357): LCD backlight current value =34
W/lights  (  357): lcd_backlight:property_get,percent =0
W/lights  (  357): LCD backlight current value =36
W/lights  (  357): lcd_backlight:property_get,percent =0
W/lights  (  357): LCD backlight current value =38
W/lights  (  357): lcd_backlight:property_get,percent =0
W/lights  (  357): LCD backlight current value =39
W/lights  (  357): lcd_backlight:property_get,percent =0
W/lights  (  357): LCD backlight current value =41
W/lights  (  357): lcd_backlight:property_get,percent =0
W/lights  (  357): LCD backlight current value =43
W/lights  (  357): lcd_backlight:property_get,percent =0
W/lights  (  357): LCD backlight current value =45
W/lights  (  357): lcd_backlight:property_get,percent =0
W/lights  (  357): LCD backlight current value =46
W/lights  (  357): lcd_backlight:property_get,percent =0
W/lights  (  357): LCD backlight current value =48
W/lights  (  357): lcd_backlight:property_get,percent =0
W/lights  (  357): LCD backlight current value =52
W/lights  (  357): lcd_backlight:property_get,percent =0
W/lights  (  357): LCD backlight current value =53
W/lights  (  357): lcd_backlight:property_get,percent =0
W/lights  (  357): LCD backlight current value =55
W/lights  (  357): lcd_backlight:property_get,percent =0
W/lights  (  357): LCD backlight current value =59
W/lights  (  357): lcd_backlight:property_get,percent =0
W/lights  (  357): LCD backlight current value =61
W/lights  (  357): lcd_backlight:property_get,percent =0
W/lights  (  357): LCD backlight current value =62
W/lights  (  357): lcd_backlight:property_get,percent =0
W/lights  (  357): LCD backlight current value =66
W/lights  (  357): lcd_backlight:property_get,percent =0
W/lights  (  357): LCD backlight current value =68
W/lights  (  357): lcd_backlight:property_get,percent =0
W/lights  (  357): LCD backlight current value =70
W/lights  (  357): lcd_backlight:property_get,percent =0
W/lights  (  357): LCD backlight current value =73
W/lights  (  357): lcd_backlight:property_get,percent =0
W/lights  (  357): LCD backlight current value =77
W/lights  (  357): lcd_backlight:property_get,percent =0
W/lights  (  357): LCD backlight current value =80
W/lights  (  357): lcd_backlight:property_get,percent =0
W/lights  (  357): LCD backlight current value =84
W/lights  (  357): lcd_backlight:property_get,percent =0
W/lights  (  357): LCD backlight current value =86
W/lights  (  357): lcd_backlight:property_get,percent =0
W/lights  (  357): LCD backlight current value =89
W/lights  (  357): lcd_backlight:property_get,percent =0
W/lights  (  357): LCD backlight current value =91
W/lights  (  357): lcd_backlight:property_get,percent =0
W/lights  (  357): LCD backlight current value =93
W/lights  (  357): lcd_backlight:property_get,percent =0
W/lights  (  357): LCD backlight current value =94
W/lights  (  357): lcd_backlight:property_get,percent =0
W/lights  (  357): LCD backlight current value =96
W/lights  (  357): lcd_backlight:property_get,percent =0
W/lights  (  357): LCD backlight current value =100
W/lights  (  357): lcd_backlight:property_get,percent =0
W/lights  (  357): LCD backlight current value =102
W/lights  (  357): lcd_backlight:property_get,percent =0
E/Sensors (  357): sensors_poll_context_t::pollEvents, line 202: receive event #### i=3, nb=1
E/Sensors (  357): sensors_poll_context_t::pollEvents, line 202: receive event #### i=3, nb=1
E/Sensors (  357): sensors_poll_context_t::pollEvents, line 202: receive event #### i=3, nb=1
E/Sensors (  357): sensors_poll_context_t::pollEvents, line 202: receive event #### i=3, nb=1
E/Sensors (  357): sensors_poll_context_t::pollEvents, line 202: receive event #### i=3, nb=1
W/lights  (  357): TP Button Light current value is 0 
W/lights  (  357): button_backlight:property_get,percent =0
D/SurfaceFlinger(  156): About to give-up screen, flinger = 0x4147bb88
W/lights  (  357): LCD backlight current value =99
W/lights  (  357): lcd_backlight:property_get,percent =0
W/lights  (  357): TP Button Light current value is 0 
W/lights  (  357): button_backlight:property_get,percent =0
W/lights  (  357): LCD backlight current value =98
W/lights  (  357): lcd_backlight:property_get,percent =0
W/lights  (  357): LCD backlight current value =97
W/lights  (  357): lcd_backlight:property_get,percent =0
E/Sensors (  357): GsSensor: line +83 ~~~handle===0~~en==0~~!n
E/Sensors (  357): GsSensor::setDelay: line +114 ~~~handle===0~~ns==66667000~~
W/lights  (  357): LCD backlight current value =88
W/lights  (  357): lcd_backlight:property_get,percent =0
W/lights  (  357): LCD backlight current value =79
W/lights  (  357): lcd_backlight:property_get,percent =0
D/AccelerometerListener(  577): enable(false)
W/lights  (  357): LCD backlight current value =70
W/lights  (  357): lcd_backlight:property_get,percent =0
W/lights  (  357): LCD backlight current value =62
W/lights  (  357): lcd_backlight:property_get,percent =0
V/TransportControlView(  357): Create TCV com.android.internal.widget.TransportControlView@4138bf80
W/lights  (  357): LCD backlight current value =54
W/lights  (  357): lcd_backlight:property_get,percent =0
W/lights  (  357): LCD backlight current value =45
W/lights  (  357): lcd_backlight:property_get,percent =0
W/lights  (  357): LCD backlight current value =37
W/lights  (  357): lcd_backlight:property_get,percent =0
W/lights  (  357): LCD backlight current value =28
W/lights  (  357): lcd_backlight:property_get,percent =0
V/LockPatternKeyguardView(  357): Set visibility on com.android.internal.policy.impl.LockPatternKeyguardView$5@410a0720 to 8388608
W/lights  (  357): LCD backlight current value =20
W/lights  (  357): lcd_backlight:property_get,percent =0
V/LockPatternKeyguardView(  357): Set visibility on com.android.internal.policy.impl.LockPatternKeyguardView$5@410a0720 to 8388608
W/lights  (  357): LCD backlight current value =11
W/lights  (  357): lcd_backlight:property_get,percent =0
W/lights  (  357): LCD backlight current value =3
W/lights  (  357): lcd_backlight:property_get,percent =0
W/lights  (  357): LCD backlight current value =0
W/lights  (  357): lcd_backlight:property_get,percent =0
W/lights  (  357): TP Button Light current value is 102 
W/lights  (  357): button_backlight:property_get,percent =0
E/Sensors (  357): GsSensor: line +83 ~~~handle===0~~en==1~~!n
E/Sensors (  357): GsSensor::setDelay: line +114 ~~~handle===0~~ns==200000000~~
E/Sensors (  357): GsSensor::setDelay: line +114 ~~~handle===0~~ns==66667000~~
D/AccelerometerListener(  577): enable(false)
I/WindowManager(  357): Lock screen displayed!
W/lights  (  357): LCD backlight current value =1
W/lights  (  357): lcd_backlight:property_get,percent =0
W/lights  (  357): LCD backlight current value =0
W/lights  (  357): lcd_backlight:property_get,percent =0
W/lights  (  357): LCD backlight current value =2
W/lights  (  357): lcd_backlight:property_get,percent =0
W/lights  (  357): LCD backlight current value =4
W/lights  (  357): lcd_backlight:property_get,percent =0
W/lights  (  357): LCD backlight current value =6
W/lights  (  357): lcd_backlight:property_get,percent =0
W/lights  (  357): LCD backlight current value =7
W/lights  (  357): lcd_backlight:property_get,percent =0
W/lights  (  357): LCD backlight current value =9
W/lights  (  357): lcd_backlight:property_get,percent =0
W/lights  (  357): LCD backlight current value =11
W/lights  (  357): lcd_backlight:property_get,percent =0
W/lights  (  357): LCD backlight current value =13
W/lights  (  357): lcd_backlight:property_get,percent =0
W/lights  (  357): LCD backlight current value =14
W/lights  (  357): lcd_backlight:property_get,percent =0
W/lights  (  357): LCD backlight current value =16
W/lights  (  357): lcd_backlight:property_get,percent =0
W/lights  (  357): LCD backlight current value =18
W/lights  (  357): lcd_backlight:property_get,percent =0
W/lights  (  357): LCD backlight current value =20
W/lights  (  357): lcd_backlight:property_get,percent =0
W/lights  (  357): LCD backlight current value =22
W/lights  (  357): lcd_backlight:property_get,percent =0
W/lights  (  357): LCD backlight current value =23
W/lights  (  357): lcd_backlight:property_get,percent =0
W/lights  (  357): LCD backlight current value =25
W/lights  (  357): lcd_backlight:property_get,percent =0
W/lights  (  357): LCD backlight current value =27
W/lights  (  357): lcd_backlight:property_get,percent =0
W/lights  (  357): LCD backlight current value =29
W/lights  (  357): lcd_backlight:property_get,percent =0
D/SurfaceFlinger(  156): Screen about to return, flinger = 0x4147bb88
W/lights  (  357): LCD backlight current value =30
W/lights  (  357): lcd_backlight:property_get,percent =0
W/lights  (  357): LCD backlight current value =32
W/lights  (  357): lcd_backlight:property_get,percent =0
W/lights  (  357): LCD backlight current value =34
W/lights  (  357): lcd_backlight:property_get,percent =0
W/lights  (  357): LCD backlight current value =36
W/lights  (  357): lcd_backlight:property_get,percent =0
W/lights  (  357): LCD backlight current value =38
W/lights  (  357): lcd_backlight:property_get,percent =0
W/lights  (  357): LCD backlight current value =40
W/lights  (  357): lcd_backlight:property_get,percent =0
W/lights  (  357): LCD backlight current value =41
W/lights  (  357): lcd_backlight:property_get,percent =0
W/lights  (  357): LCD backlight current value =43
W/lights  (  357): lcd_backlight:property_get,percent =0
W/lights  (  357): LCD backlight current value =45
W/lights  (  357): lcd_backlight:property_get,percent =0
W/lights  (  357): LCD backlight current value =47
W/lights  (  357): lcd_backlight:property_get,percent =0
W/lights  (  357): LCD backlight current value =48
W/lights  (  357): lcd_backlight:property_get,percent =0
W/lights  (  357): LCD backlight current value =52
W/lights  (  357): lcd_backlight:property_get,percent =0
W/lights  (  357): LCD backlight current value =54
W/lights  (  357): lcd_backlight:property_get,percent =0
W/lights  (  357): LCD backlight current value =56
W/lights  (  357): lcd_backlight:property_get,percent =0
W/lights  (  357): LCD backlight current value =57
W/lights  (  357): lcd_backlight:property_get,percent =0
W/lights  (  357): LCD backlight current value =61
W/lights  (  357): lcd_backlight:property_get,percent =0
W/lights  (  357): LCD backlight current value =65
W/lights  (  357): lcd_backlight:property_get,percent =0
W/lights  (  357): LCD backlight current value =68
W/lights  (  357): lcd_backlight:property_get,percent =0
W/lights  (  357): LCD backlight current value =72
W/lights  (  357): lcd_backlight:property_get,percent =0
W/lights  (  357): LCD backlight current value =75
W/lights  (  357): lcd_backlight:property_get,percent =0
W/lights  (  357): LCD backlight current value =79
W/lights  (  357): lcd_backlight:property_get,percent =0
W/lights  (  357): LCD backlight current value =82
W/lights  (  357): lcd_backlight:property_get,percent =0
W/lights  (  357): LCD backlight current value =86
W/lights  (  357): lcd_backlight:property_get,percent =0
W/lights  (  357): LCD backlight current value =88
W/lights  (  357): lcd_backlight:property_get,percent =0
W/lights  (  357): LCD backlight current value =91
W/lights  (  357): lcd_backlight:property_get,percent =0
W/lights  (  357): LCD backlight current value =93
W/lights  (  357): lcd_backlight:property_get,percent =0
W/lights  (  357): LCD backlight current value =97
W/lights  (  357): lcd_backlight:property_get,percent =0
W/lights  (  357): LCD backlight current value =98
W/lights  (  357): lcd_backlight:property_get,percent =0
W/lights  (  357): LCD backlight current value =102
W/lights  (  357): lcd_backlight:property_get,percent =0
D/PhoneStatusBar(  484): disable: < expand icons alerts ticker system_info BACK HOME recent* CLOCK >
W/System.err(  687): Removed 2131362317
W/System.err(  687): Removed 2131362328
W/System.err(  687): Removed 2131362329
D/PhoneStatusBar(  484): disable: < expand icons alerts ticker system_info back* home* recent clock* >
W/InputMethodManagerService(  357): Window already focused, ignoring focus gain of: com.android.internal.view.IInputMethodClient$Stub$Proxy@41462360 attribute=android.view.inputmethod.EditorInfo@41462370
E/Sensors (  357): sensors_poll_context_t::pollEvents, line 202: receive event #### i=3, nb=1
E/Sensors (  357): sensors_poll_context_t::pollEvents, line 202: receive event #### i=3, nb=1
D/su      ( 5081): Executing exec /system/bin/am broadcast -a com.noshufou.android.su.RESULT --es socket '' --ei caller_uid 2000 --ei allow 1 --ei version_code 18
D/AndroidRuntime( 5081): 
D/AndroidRuntime( 5081): >>>>>> AndroidRuntime START com.android.internal.os.RuntimeInit <<<<<<
D/AndroidRuntime( 5081): CheckJNI is OFF
D/dalvikvm( 5081): Trying to load lib libjavacore.so 0x0
D/dalvikvm( 5081): Added shared lib libjavacore.so 0x0
D/dalvikvm( 5081): Trying to load lib libnativehelper.so 0x0
D/dalvikvm( 5081): Added shared lib libnativehelper.so 0x0
D/AndroidRuntime( 5081): Calling main entry com.android.commands.am.Am
D/AndroidRuntime( 5081): Shutting down VM
D/dalvikvm( 5081): GC_CONCURRENT freed 99K, 81% free 498K/2560K, paused 0ms+0ms, total 4ms
D/dalvikvm(  357): GC_CONCURRENT freed 2037K, 45% free 6877K/12359K, paused 3ms+6ms, total 59ms
D/su      ( 5080): 2000 /system/bin/mksh executing 0 /system/bin/sh using shell /system/bin/sh : sh
D/skia    ( 4694): new locale zh_CN
E/Sensors (  357): sensors_poll_context_t::pollEvents, line 202: receive event #### i=3, nb=1
E/Sensors (  357): sensors_poll_context_t::pollEvents, line 202: receive event #### i=3, nb=1
E/Sensors (  357): sensors_poll_context_t::pollEvents, line 202: receive event #### i=3, nb=1
E/Sensors (  357): sensors_poll_context_t::pollEvents, line 202: receive event #### i=3, nb=1
E/Sensors (  357): sensors_poll_context_t::pollEvents, line 202: receive event #### i=3, nb=1
E/Sensors (  357): sensors_poll_context_t::pollEvents, line 202: receive event #### i=3, nb=1
W/lights  (  357): TP Button Light current value is 0 
W/lights  (  357): button_backlight:property_get,percent =0
E/Sensors (  357): sensors_poll_context_t::pollEvents, line 202: receive event #### i=3, nb=1
E/Sensors (  357): sensors_poll_context_t::pollEvents, line 202: receive event #### i=3, nb=1
E/Sensors (  357): sensors_poll_context_t::pollEvents, line 202: receive event #### i=3, nb=1
E/Sensors (  357): sensors_poll_context_t::pollEvents, line 202: receive event #### i=3, nb=1
E/Sensors (  357): sensors_poll_context_t::pollEvents, line 202: receive event #### i=3, nb=1
E/Sensors (  357): sensors_poll_context_t::pollEvents, line 202: receive event #### i=3, nb=1
E/Sensors (  357): sensors_poll_context_t::pollEvents, line 202: receive event #### i=3, nb=1
E/Sensors (  357): sensors_poll_context_t::pollEvents, line 202: receive event #### i=3, nb=1
E/Sensors (  357): sensors_poll_context_t::pollEvents, line 202: receive event #### i=3, nb=1
E/Sensors (  357): sensors_poll_context_t::pollEvents, line 202: receive event #### i=3, nb=1
E/Sensors (  357): sensors_poll_context_t::pollEvents, line 202: receive event #### i=3, nb=1
E/Sensors (  357): sensors_poll_context_t::pollEvents, line 202: receive event #### i=3, nb=1
E/Sensors (  357): sensors_poll_context_t::pollEvents, line 202: receive event #### i=3, nb=1
E/Sensors (  357): sensors_poll_context_t::pollEvents, line 202: receive event #### i=3, nb=1
E/Sensors (  357): sensors_poll_context_t::pollEvents, line 202: receive event #### i=3, nb=1
E/Sensors (  357): sensors_poll_context_t::pollEvents, line 202: receive event #### i=3, nb=1
E/Sensors (  357): sensors_poll_context_t::pollEvents, line 202: receive event #### i=3, nb=1
E/Sensors (  357): sensors_poll_context_t::pollEvents, line 202: receive event #### i=3, nb=1
E/Sensors (  357): sensors_poll_context_t::pollEvents, line 202: receive event #### i=3, nb=1
E/Sensors (  357): sensors_poll_context_t::pollEvents, line 202: receive event #### i=3, nb=1
E/Sensors (  357): sensors_poll_context_t::pollEvents, line 202: receive event #### i=3, nb=1
E/Sensors (  357): sensors_poll_context_t::pollEvents, line 202: receive event #### i=3, nb=1
E/Sensors (  357): sensors_poll_context_t::pollEvents, line 202: receive event #### i=3, nb=1
E/Sensors (  357): sensors_poll_context_t::pollEvents, line 202: receive event #### i=3, nb=1
E/Sensors (  357): sensors_poll_context_t::pollEvents, line 202: receive event #### i=3, nb=1
E/Sensors (  357): sensors_poll_context_t::pollEvents, line 202: receive event #### i=3, nb=1
E/Sensors (  357): sensors_poll_context_t::pollEvents, line 202: receive event #### i=3, nb=1
E/Sensors (  357): sensors_poll_context_t::pollEvents, line 202: receive event #### i=3, nb=1
E/Sensors (  357): sensors_poll_context_t::pollEvents, line 202: receive event #### i=3, nb=1
E/Sensors (  357): sensors_poll_context_t::pollEvents, line 202: receive event #### i=3, nb=1
E/Sensors (  357): sensors_poll_context_t::pollEvents, line 202: receive event #### i=3, nb=1
E/Sensors (  357): sensors_poll_context_t::pollEvents, line 202: receive event #### i=3, nb=1
W/lights  (  357): LCD backlight current value =101
W/lights  (  357): lcd_backlight:property_get,percent =0
W/lights  (  357): LCD backlight current value =100
W/lights  (  357): lcd_backlight:property_get,percent =0
W/lights  (  357): LCD backlight current value =99
W/lights  (  357): lcd_backlight:property_get,percent =0
W/lights  (  357): LCD backlight current value =98
W/lights  (  357): lcd_backlight:property_get,percent =0
W/lights  (  357): LCD backlight current value =97
W/lights  (  357): lcd_backlight:property_get,percent =0
E/Sensors (  357): sensors_poll_context_t::pollEvents, line 202: receive event #### i=3, nb=1
W/lights  (  357): LCD backlight current value =96
W/lights  (  357): lcd_backlight:property_get,percent =0
W/lights  (  357): LCD backlight current value =95
W/lights  (  357): lcd_backlight:property_get,percent =0
W/lights  (  357): LCD backlight current value =94
W/lights  (  357): lcd_backlight:property_get,percent =0
W/lights  (  357): LCD backlight current value =92
W/lights  (  357): lcd_backlight:property_get,percent =0
W/lights  (  357): LCD backlight current value =91
W/lights  (  357): lcd_backlight:property_get,percent =0
W/lights  (  357): LCD backlight current value =90
W/lights  (  357): lcd_backlight:property_get,percent =0
W/lights  (  357): LCD backlight current value =88
W/lights  (  357): lcd_backlight:property_get,percent =0
W/lights  (  357): LCD backlight current value =86
W/lights  (  357): lcd_backlight:property_get,percent =0
W/lights  (  357): LCD backlight current value =85
W/lights  (  357): lcd_backlight:property_get,percent =0
W/lights  (  357): LCD backlight current value =84
W/lights  (  357): lcd_backlight:property_get,percent =0
W/lights  (  357): LCD backlight current value =83
W/lights  (  357): lcd_backlight:property_get,percent =0
W/lights  (  357): LCD backlight current value =82
W/lights  (  357): lcd_backlight:property_get,percent =0
W/lights  (  357): LCD backlight current value =79
W/lights  (  357): lcd_backlight:property_get,percent =0
W/lights  (  357): LCD backlight current value =78
W/lights  (  357): lcd_backlight:property_get,percent =0
W/lights  (  357): LCD backlight current value =77
W/lights  (  357): lcd_backlight:property_get,percent =0
W/lights  (  357): LCD backlight current value =76
W/lights  (  357): lcd_backlight:property_get,percent =0
W/lights  (  357): LCD backlight current value =73
W/lights  (  357): lcd_backlight:property_get,percent =0
W/lights  (  357): LCD backlight current value =72
W/lights  (  357): lcd_backlight:property_get,percent =0
W/lights  (  357): LCD backlight current value =71
W/lights  (  357): lcd_backlight:property_get,percent =0
W/lights  (  357): LCD backlight current value =70
W/lights  (  357): lcd_backlight:property_get,percent =0
W/lights  (  357): LCD backlight current value =68
W/lights  (  357): lcd_backlight:property_get,percent =0
W/lights  (  357): LCD backlight current value =67
W/lights  (  357): lcd_backlight:property_get,percent =0
W/lights  (  357): LCD backlight current value =66
W/lights  (  357): lcd_backlight:property_get,percent =0
W/lights  (  357): LCD backlight current value =65
W/lights  (  357): lcd_backlight:property_get,percent =0
W/lights  (  357): LCD backlight current value =64
W/lights  (  357): lcd_backlight:property_get,percent =0
W/lights  (  357): LCD backlight current value =62
W/lights  (  357): lcd_backlight:property_get,percent =0
W/lights  (  357): LCD backlight current value =61
W/lights  (  357): lcd_backlight:property_get,percent =0
W/lights  (  357): LCD backlight current value =59
W/lights  (  357): lcd_backlight:property_get,percent =0
W/lights  (  357): LCD backlight current value =58
W/lights  (  357): lcd_backlight:property_get,percent =0
W/lights  (  357): LCD backlight current value =57
W/lights  (  357): lcd_backlight:property_get,percent =0
W/lights  (  357): LCD backlight current value =55
W/lights  (  357): lcd_backlight:property_get,percent =0
W/lights  (  357): LCD backlight current value =54
W/lights  (  357): lcd_backlight:property_get,percent =0
W/lights  (  357): LCD backlight current value =53
W/lights  (  357): lcd_backlight:property_get,percent =0
W/lights  (  357): LCD backlight current value =52
W/lights  (  357): lcd_backlight:property_get,percent =0
W/lights  (  357): LCD backlight current value =49
W/lights  (  357): lcd_backlight:property_get,percent =0
W/lights  (  357): LCD backlight current value =48
W/lights  (  357): lcd_backlight:property_get,percent =0
W/lights  (  357): LCD backlight current value =47
W/lights  (  357): lcd_backlight:property_get,percent =0
W/lights  (  357): LCD backlight current value =46
W/lights  (  357): lcd_backlight:property_get,percent =0
W/lights  (  357): LCD backlight current value =45
W/lights  (  357): lcd_backlight:property_get,percent =0
W/lights  (  357): LCD backlight current value =43
W/lights  (  357): lcd_backlight:property_get,percent =0
W/lights  (  357): LCD backlight current value =41
W/lights  (  357): lcd_backlight:property_get,percent =0
W/lights  (  357): LCD backlight current value =40
W/lights  (  357): lcd_backlight:property_get,percent =0
W/lights  (  357): LCD backlight current value =39
W/lights  (  357): lcd_backlight:property_get,percent =0
W/lights  (  357): LCD backlight current value =38
W/lights  (  357): lcd_backlight:property_get,percent =0
W/lights  (  357): LCD backlight current value =36
W/lights  (  357): lcd_backlight:property_get,percent =0
W/lights  (  357): LCD backlight current value =35
W/lights  (  357): lcd_backlight:property_get,percent =0
W/lights  (  357): LCD backlight current value =34
W/lights  (  357): lcd_backlight:property_get,percent =0
W/lights  (  357): LCD backlight current value =32
W/lights  (  357): lcd_backlight:property_get,percent =0
W/lights  (  357): LCD backlight current value =30
W/lights  (  357): lcd_backlight:property_get,percent =0
W/lights  (  357): LCD backlight current value =29
W/lights  (  357): lcd_backlight:property_get,percent =0
W/lights  (  357): LCD backlight current value =28
W/lights  (  357): lcd_backlight:property_get,percent =0
W/lights  (  357): LCD backlight current value =27
W/lights  (  357): lcd_backlight:property_get,percent =0
W/lights  (  357): LCD backlight current value =26
W/lights  (  357): lcd_backlight:property_get,percent =0
W/lights  (  357): LCD backlight current value =23
W/lights  (  357): lcd_backlight:property_get,percent =0
W/lights  (  357): LCD backlight current value =22
W/lights  (  357): lcd_backlight:property_get,percent =0
W/lights  (  357): LCD backlight current value =21
W/lights  (  357): lcd_backlight:property_get,percent =0
W/lights  (  357): LCD backlight current value =20
W/lights  (  357): lcd_backlight:property_get,percent =0
E/Sensors (  357): sensors_poll_context_t::pollEvents, line 202: receive event #### i=3, nb=1
E/Sensors (  357): sensors_poll_context_t::pollEvents, line 202: receive event #### i=3, nb=1
E/Sensors (  357): sensors_poll_context_t::pollEvents, line 202: receive event #### i=3, nb=1
E/Sensors (  357): sensors_poll_context_t::pollEvents, line 202: receive event #### i=3, nb=1
W/lights  (  357): TP Button Light current value is 0 
W/lights  (  357): button_backlight:property_get,percent =0
D/SurfaceFlinger(  156): About to give-up screen, flinger = 0x4147bb88
E/Sensors (  357): GsSensor: line +83 ~~~handle===0~~en==0~~!n
E/Sensors (  357): GsSensor::setDelay: line +114 ~~~handle===0~~ns==66667000~~
W/lights  (  357): LCD backlight current value =19
W/lights  (  357): lcd_backlight:property_get,percent =0
W/lights  (  357): LCD backlight current value =17
W/lights  (  357): lcd_backlight:property_get,percent =0
W/lights  (  357): LCD backlight current value =16
W/lights  (  357): lcd_backlight:property_get,percent =0
W/lights  (  357): LCD backlight current value =14
W/lights  (  357): lcd_backlight:property_get,percent =0
W/lights  (  357): LCD backlight current value =12
W/lights  (  357): lcd_backlight:property_get,percent =0
W/lights  (  357): LCD backlight current value =11
W/lights  (  357): lcd_backlight:property_get,percent =0
D/AccelerometerListener(  577): enable(false)
W/lights  (  357): LCD backlight current value =9
W/lights  (  357): lcd_backlight:property_get,percent =0
W/lights  (  357): LCD backlight current value =8
W/lights  (  357): lcd_backlight:property_get,percent =0
W/lights  (  357): LCD backlight current value =6
W/lights  (  357): lcd_backlight:property_get,percent =0
W/lights  (  357): LCD backlight current value =4
W/lights  (  357): lcd_backlight:property_get,percent =0
W/lights  (  357): LCD backlight current value =3
W/lights  (  357): lcd_backlight:property_get,percent =0
W/lights  (  357): LCD backlight current value =1
W/lights  (  357): lcd_backlight:property_get,percent =0
W/lights  (  357): LCD backlight current value =0
W/lights  (  357): lcd_backlight:property_get,percent =0
V/LockPatternKeyguardView(  357): Set visibility on com.android.internal.policy.impl.LockPatternKeyguardView$5@40f0ddc8 to 8388608
D/dalvikvm(  357): GC_CONCURRENT freed 777K, 36% free 7928K/12359K, paused 3ms+4ms, total 48ms
D/dalvikvm(  357): WAIT_FOR_CONCURRENT_GC blocked 34ms
V/TransportControlView(  357): Create TCV com.android.internal.widget.TransportControlView@41056178
V/KeyguardViewManager(  357): KGVM: Set visibility on com.android.internal.policy.impl.KeyguardViewManager$KeyguardViewHost@410e2a08 to 6291456
D/PhoneStatusBar(  484): disable: < expand icons alerts ticker system_info back home RECENT* clock >
V/LockPatternKeyguardView(  357): Set visibility on com.android.internal.policy.impl.LockPatternKeyguardView$5@40f0ddc8 to 8388608
D/PhoneStatusBar(  484): disable: < expand icons alerts ticker system_info BACK* HOME* RECENT CLOCK* >
V/LockPatternKeyguardView(  357): Set visibility on com.android.internal.policy.impl.LockPatternKeyguardView$5@40f0ddc8 to 8388608
W/lights  (  357): TP Button Light current value is 102 
W/lights  (  357): button_backlight:property_get,percent =0
E/Sensors (  357): GsSensor: line +83 ~~~handle===0~~en==1~~!n
E/Sensors (  357): GsSensor::setDelay: line +114 ~~~handle===0~~ns==200000000~~
E/Sensors (  357): GsSensor::setDelay: line +114 ~~~handle===0~~ns==66667000~~
I/WindowManager(  357): Lock screen displayed!
W/lights  (  357): LCD backlight current value =1
W/lights  (  357): lcd_backlight:property_get,percent =0
D/AccelerometerListener(  577): enable(false)
W/lights  (  357): LCD backlight current value =2
W/lights  (  357): lcd_backlight:property_get,percent =0
W/lights  (  357): LCD backlight current value =3
W/lights  (  357): lcd_backlight:property_get,percent =0
W/lights  (  357): LCD backlight current value =4
W/lights  (  357): lcd_backlight:property_get,percent =0
W/lights  (  357): LCD backlight current value =5
W/lights  (  357): lcd_backlight:property_get,percent =0
W/lights  (  357): LCD backlight current value =6
W/lights  (  357): lcd_backlight:property_get,percent =0
W/lights  (  357): LCD backlight current value =7
W/lights  (  357): lcd_backlight:property_get,percent =0
W/lights  (  357): LCD backlight current value =8
W/lights  (  357): lcd_backlight:property_get,percent =0
W/lights  (  357): LCD backlight current value =9
W/lights  (  357): lcd_backlight:property_get,percent =0
W/lights  (  357): LCD backlight current value =10
W/lights  (  357): lcd_backlight:property_get,percent =0
W/lights  (  357): LCD backlight current value =11
W/lights  (  357): lcd_backlight:property_get,percent =0
W/lights  (  357): LCD backlight current value =12
W/lights  (  357): lcd_backlight:property_get,percent =0
W/lights  (  357): LCD backlight current value =13
W/lights  (  357): lcd_backlight:property_get,percent =0
W/lights  (  357): LCD backlight current value =14
W/lights  (  357): lcd_backlight:property_get,percent =0
W/lights  (  357): LCD backlight current value =15
W/lights  (  357): lcd_backlight:property_get,percent =0
W/lights  (  357): LCD backlight current value =16
W/lights  (  357): lcd_backlight:property_get,percent =0
W/lights  (  357): LCD backlight current value =17
W/lights  (  357): lcd_backlight:property_get,percent =0
W/lights  (  357): LCD backlight current value =18
W/lights  (  357): lcd_backlight:property_get,percent =0
W/lights  (  357): LCD backlight current value =20
W/lights  (  357): lcd_backlight:property_get,percent =0
W/lights  (  357): LCD backlight current value =22
W/lights  (  357): lcd_backlight:property_get,percent =0
W/lights  (  357): LCD backlight current value =24
W/lights  (  357): lcd_backlight:property_get,percent =0
W/lights  (  357): LCD backlight current value =26
W/lights  (  357): lcd_backlight:property_get,percent =0
W/lights  (  357): LCD backlight current value =27
W/lights  (  357): lcd_backlight:property_get,percent =0
W/lights  (  357): LCD backlight current value =29
W/lights  (  357): lcd_backlight:property_get,percent =0
W/lights  (  357): LCD backlight current value =31
W/lights  (  357): lcd_backlight:property_get,percent =0
W/lights  (  357): LCD backlight current value =33
W/lights  (  357): lcd_backlight:property_get,percent =0
D/SurfaceFlinger(  156): Screen about to return, flinger = 0x4147bb88
W/lights  (  357): LCD backlight current value =34
W/lights  (  357): lcd_backlight:property_get,percent =0
W/lights  (  357): LCD backlight current value =36
W/lights  (  357): lcd_backlight:property_get,percent =0
W/lights  (  357): LCD backlight current value =38
W/lights  (  357): lcd_backlight:property_get,percent =0
W/lights  (  357): LCD backlight current value =40
W/lights  (  357): lcd_backlight:property_get,percent =0
W/lights  (  357): LCD backlight current value =43
W/lights  (  357): lcd_backlight:property_get,percent =0
W/lights  (  357): LCD backlight current value =44
W/lights  (  357): lcd_backlight:property_get,percent =0
W/lights  (  357): LCD backlight current value =46
W/lights  (  357): lcd_backlight:property_get,percent =0
W/lights  (  357): LCD backlight current value =48
W/lights  (  357): lcd_backlight:property_get,percent =0
W/lights  (  357): LCD backlight current value =50
W/lights  (  357): lcd_backlight:property_get,percent =0
W/lights  (  357): LCD backlight current value =53
W/lights  (  357): lcd_backlight:property_get,percent =0
W/lights  (  357): LCD backlight current value =57
W/lights  (  357): lcd_backlight:property_get,percent =0
W/lights  (  357): LCD backlight current value =59
W/lights  (  357): lcd_backlight:property_get,percent =0
W/lights  (  357): LCD backlight current value =60
W/lights  (  357): lcd_backlight:property_get,percent =0
W/lights  (  357): LCD backlight current value =62
W/lights  (  357): lcd_backlight:property_get,percent =0
W/lights  (  357): LCD backlight current value =66
W/lights  (  357): lcd_backlight:property_get,percent =0
W/lights  (  357): LCD backlight current value =68
W/lights  (  357): lcd_backlight:property_get,percent =0
W/lights  (  357): LCD backlight current value =71
W/lights  (  357): lcd_backlight:property_get,percent =0
W/lights  (  357): LCD backlight current value =73
W/lights  (  357): lcd_backlight:property_get,percent =0
W/lights  (  357): LCD backlight current value =78
W/lights  (  357): lcd_backlight:property_get,percent =0
W/lights  (  357): LCD backlight current value =80
W/lights  (  357): lcd_backlight:property_get,percent =0
W/lights  (  357): LCD backlight current value =84
W/lights  (  357): lcd_backlight:property_get,percent =0
W/lights  (  357): LCD backlight current value =85
W/lights  (  357): lcd_backlight:property_get,percent =0
W/lights  (  357): LCD backlight current value =87
W/lights  (  357): lcd_backlight:property_get,percent =0
W/lights  (  357): LCD backlight current value =91
W/lights  (  357): lcd_backlight:property_get,percent =0
W/lights  (  357): LCD backlight current value =92
W/lights  (  357): lcd_backlight:property_get,percent =0
W/lights  (  357): LCD backlight current value =94
W/lights  (  357): lcd_backlight:property_get,percent =0
W/lights  (  357): LCD backlight current value =98
W/lights  (  357): lcd_backlight:property_get,percent =0
W/lights  (  357): LCD backlight current value =100
W/lights  (  357): lcd_backlight:property_get,percent =0
W/lights  (  357): LCD backlight current value =102
W/lights  (  357): lcd_backlight:property_get,percent =0
D/dalvikvm(  357): GC_CONCURRENT freed 1640K, 35% free 8050K/12359K, paused 4ms+7ms, total 63ms
D/PhoneStatusBar(  484): disable: < expand icons alerts ticker system_info BACK HOME recent* CLOCK >
W/System.err(  687): Removed 2131362317
W/System.err(  687): Removed 2131362328
W/System.err(  687): Removed 2131362329
D/PhoneStatusBar(  484): disable: < expand icons alerts ticker system_info back* home* recent clock* >
