--------- beginning of /dev/log/system
I/Vold    (  152): Vold 2.1 (the revenge) firing up
D/Vold    (  152): Volume sdcard state changing -1 (Initializing) -> 0 (No-Media)
D/Vold    (  152): Volume emmc state changing -1 (Initializing) -> 0 (No-Media)
D/Vold    (  152): Volume emmc state changing 0 (No-Media) -> 2 (Pending)
D/DirectVolume(  152): DirectVolume::handlePartitionAdded -> MAJOR 179, MINOR 1, PARTN 1
D/DirectVolume(  152): DirectVolume::handlePartitionAdded -> MAJOR 179, MINOR 2, PARTN 2
D/DirectVolume(  152): DirectVolume::handlePartitionAdded -> MAJOR 179, MINOR 3, PARTN 3
D/DirectVolume(  152): DirectVolume::handlePartitionAdded -> MAJOR 179, MINOR 4, PARTN 4
D/DirectVolume(  152): DirectVolume::handlePartitionAdded -> MAJOR 179, MINOR 5, PARTN 5
D/DirectVolume(  152): DirectVolume::handlePartitionAdded -> MAJOR 179, MINOR 6, PARTN 6
D/DirectVolume(  152): DirectVolume::handlePartitionAdded -> MAJOR 179, MINOR 7, PARTN 7
D/Vold    (  152): Volume emmc state changing 2 (Pending) -> 1 (Idle-Unmounted)
D/DirectVolume(  152): DirectVolume::handlePartitionAdded -> MAJOR 179, MINOR 8, PARTN 8
W/Vold    (  152): Duplicate state (1)
D/DirectVolume(  152): DirectVolume::handlePartitionAdded -> MAJOR 179, MINOR 9, PARTN 9
W/Vold    (  152): Duplicate state (1)
D/DirectVolume(  152): DirectVolume::handlePartitionAdded -> MAJOR 179, MINOR 10, PARTN 10
W/Vold    (  152): Duplicate state (1)
D/DirectVolume(  152): DirectVolume::handlePartitionAdded -> MAJOR 179, MINOR 11, PARTN 11
W/Vold    (  152): Duplicate state (1)
D/DirectVolume(  152): DirectVolume::handlePartitionAdded -> MAJOR 179, MINOR 12, PARTN 12
W/Vold    (  152): Duplicate state (1)
D/DirectVolume(  152): DirectVolume::handlePartitionAdded -> MAJOR 179, MINOR 13, PARTN 13
W/Vold    (  152): Duplicate state (1)
D/DirectVolume(  152): DirectVolume::handlePartitionAdded -> MAJOR 179, MINOR 14, PARTN 14
W/Vold    (  152): Duplicate state (1)
D/DirectVolume(  152): DirectVolume::handlePartitionAdded -> MAJOR 179, MINOR 15, PARTN 15
W/Vold    (  152): Duplicate state (1)
D/DirectVolume(  152): DirectVolume::handlePartitionAdded -> MAJOR 179, MINOR 16, PARTN 16
W/Vold    (  152): Duplicate state (1)
D/DirectVolume(  152): DirectVolume::handlePartitionAdded -> MAJOR 179, MINOR 17, PARTN 17
W/Vold    (  152): Duplicate state (1)
D/DirectVolume(  152): DirectVolume::handlePartitionAdded -> MAJOR 179, MINOR 18, PARTN 18
W/Vold    (  152): Duplicate state (1)
D/DirectVolume(  152): DirectVolume::handlePartitionAdded -> MAJOR 179, MINOR 19, PARTN 19
W/Vold    (  152): Duplicate state (1)
D/Vold    (  152): Volume sdcard state changing 0 (No-Media) -> 2 (Pending)
D/DirectVolume(  152): DirectVolume::handlePartitionAdded -> MAJOR 179, MINOR 33, PARTN 1
D/Vold    (  152): Volume sdcard state changing 2 (Pending) -> 1 (Idle-Unmounted)
I/SystemServer(  357): Entered the Android system server!
I/SystemServer(  357): Entropy Mixer
I/SystemServer(  357): Power Manager
I/SystemServer(  357): Activity Manager
I/ActivityManager(  357): Memory class: 36
W/UsageStats(  357): Usage stats version changed; dropping
I/ActivityManager(  357): Enabled StrictMode logging for AThread's Looper
I/SystemServer(  357): Telephony Registry
I/SystemServer(  357): Scheduling Policy
I/SystemServer(  357): Package Manager
W/PackageParser(  357): No actions in intent filter at /system/app/Bluetooth.apk Binary XML file line #167
W/PackageParser(  357): No actions in intent filter at /system/app/Bluetooth.apk Binary XML file line #191
W/PackageParser(  357): No actions in intent filter at /system/app/CMFileManager.apk Binary XML file line #127
W/PackageParser(  357): No actions in intent filter at /system/app/Contacts.apk Binary XML file line #546
W/PackageParser(  357): No actions in intent filter at /system/app/DeskClock.apk Binary XML file line #150
W/PackageParser(  357): No actions in intent filter at /system/app/DeskClock.apk Binary XML file line #159
W/PackageManager(  357): Package com.android.gallery3d desires unavailable shared library com.google.android.media.effects; ignoring!
I/Installer(  357): connecting...
I/PackageManager(  357): Time to scan packages: 1.735 seconds
W/PackageManager(  357): Unknown permission com.google.android.googleapps.permission.GOOGLE_AUTH.mail in package com.android.contacts
W/PackageManager(  357): Unknown permission android.permission.ADD_SYSTEM_SERVICE in package com.android.phone
W/PackageManager(  357): Unknown permission com.google.android.googleapps.permission.GOOGLE_AUTH in package com.android.providers.calendar
W/PackageManager(  357): Unknown permission com.google.android.googleapps.permission.GOOGLE_AUTH.cl in package com.android.providers.calendar
W/PackageManager(  357): Unknown permission com.google.android.googleapps.permission.GOOGLE_AUTH.mail in package com.android.calendar
W/PackageManager(  357): Not granting permission android.permission.SEND_DOWNLOAD_COMPLETED_INTENTS to package com.android.browser (protectionLevel=2 flags=0x9be45)
W/PackageManager(  357): Unknown permission com.cyanogenmod.filemanager.permissions.READ_THEME in package com.cyanogenmod.filemanager
W/PackageManager(  357): Unknown permission com.google.android.googleapps.permission.GOOGLE_AUTH in package com.android.settings
W/PackageManager(  357): Unknown permission com.google.android.googleapps.permission.GOOGLE_AUTH in package com.android.providers.contacts
W/PackageManager(  357): Unknown permission com.google.android.googleapps.permission.GOOGLE_AUTH.cp in package com.android.providers.contacts
W/PackageManager(  357): Unknown permission android.permission.ACCESS_4G_RADIO_DISABLE in package com.android.systemui
W/PackageManager(  357): Unknown permission android.permission.ACCESS_4G_STATE in package com.android.systemui
W/PackageManager(  357): Unknown permission android.permission.CHANGE_4G_STATE in package com.android.systemui
W/PackageManager(  357): Unknown permission com.google.android.googleapps.permission.ACCESS_GOOGLE_PASSWORD in package com.android.development
W/PackageManager(  357): Unknown permission com.google.android.googleapps.permission.GOOGLE_AUTH in package com.android.development
W/PackageManager(  357): Unknown permission com.google.android.googleapps.permission.GOOGLE_AUTH.ALL_SERVICES in package com.android.development
W/PackageManager(  357): Unknown permission com.google.android.googleapps.permission.GOOGLE_AUTH.YouTubeUser in package com.android.development
W/PackageManager(  357): Not granting permission android.permission.DEVICE_POWER to package com.android.deskclock (protectionLevel=2 flags=0x8be45)
I/SystemServer(  357): Account Manager
I/SystemServer(  357): Content Manager
I/SystemServer(  357): System Content Providers
I/SystemServer(  357): Lights Service
I/SystemServer(  357): Battery Service
I/SystemServer(  357): Vibrator Service
I/SystemServer(  357): Alarm Manager
I/SystemServer(  357): Init Watchdog
I/SystemServer(  357): Window Manager
I/InputManager(  357): Initializing input manager
W/StatusBarManager(  357): warning: no STATUS_BAR_SERVICE
I/InputManager(  357): Starting input manager
I/WindowManager(  357): Enabled StrictMode for PolicyThread's Looper
I/WindowManager(  357): Enabled StrictMode logging for WMThread's Looper
I/SystemServer(  357): Bluetooth Service
I/SystemServer(  357): Input Method Service
W/InputMethodManagerService(  357): Couldn't create dir.: /data/system/inputmethod
I/SystemServer(  357): Accessibility Manager
I/ActivityManager(  357): Config changed: {1.0 0mcc0mnc en_US sw320dp w320dp h508dp nrml long port ?uimode ?night -touch -keyb/v/h -nav/h s.2 themeResource=null}
I/SystemServer(  357): Mount Service
D/MountService(  357): got storage path: /storage/sdcard0 description: SD card primary: true removable: true emulated: false mtpReserve: 0 allowMassStorage: true maxFileSize: 0
D/MountService(  357): got storage path: /storage/sdcard1 description: Internal storage primary: false removable: false emulated: false mtpReserve: 0 allowMassStorage: true maxFileSize: 0
I/SystemServer(  357): LockSettingsService
I/SystemServer(  357): Device Policy
I/SystemServer(  357): Status Bar
I/SystemServer(  357): Clipboard Service
I/SystemServer(  357): NetworkManagement Service
I/ActivityManager(  357): Config changed: {1.0 0mcc0mnc en_US sw320dp w320dp h508dp nrml long port ?uimode ?night finger -keyb/v/h -nav/h s.3 themeResource=null}
D/VoldCmdListener(  152): volume list
I/SystemServer(  357): Text Service Manager Service
D/MountService(  357): volume state changed for /storage/sdcard0 (null -> unmounted)
I/SystemServer(  357): NetworkStats Service
D/MountService(  357): volume state changed for /storage/sdcard1 (null -> unmounted)
W/MountService(  357): getSecureContainerList() called when storage not mounted
D/VoldCmdListener(  152): asec list
I/SystemServer(  357): NetworkPolicy Service
I/SystemServer(  357): Wi-Fi P2pService
W/PackageManager(  357): Unknown permission com.google.android.googleapps.permission.GOOGLE_AUTH.mail in package com.android.contacts
W/PackageManager(  357): Unknown permission android.permission.ADD_SYSTEM_SERVICE in package com.android.phone
W/PackageManager(  357): Unknown permission com.google.android.googleapps.permission.GOOGLE_AUTH in package com.android.providers.calendar
W/PackageManager(  357): Unknown permission com.google.android.googleapps.permission.GOOGLE_AUTH.cl in package com.android.providers.calendar
W/PackageManager(  357): Unknown permission com.google.android.googleapps.permission.GOOGLE_AUTH.mail in package com.android.calendar
W/PackageManager(  357): Not granting permission android.permission.SEND_DOWNLOAD_COMPLETED_INTENTS to package com.android.browser (protectionLevel=2 flags=0x9be45)
W/PackageManager(  357): Unknown permission com.cyanogenmod.filemanager.permissions.READ_THEME in package com.cyanogenmod.filemanager
W/PackageManager(  357): Unknown permission com.google.android.googleapps.permission.GOOGLE_AUTH in package com.android.settings
W/PackageManager(  357): Unknown permission com.google.android.googleapps.permission.GOOGLE_AUTH in package com.android.providers.contacts
W/PackageManager(  357): Unknown permission com.google.android.googleapps.permission.GOOGLE_AUTH.cp in package com.android.providers.contacts
W/PackageManager(  357): Unknown permission android.permission.ACCESS_4G_RADIO_DISABLE in package com.android.systemui
W/PackageManager(  357): Unknown permission android.permission.ACCESS_4G_STATE in package com.android.systemui
W/PackageManager(  357): Unknown permission android.permission.CHANGE_4G_STATE in package com.android.systemui
W/PackageManager(  357): Unknown permission com.google.android.googleapps.permission.ACCESS_GOOGLE_PASSWORD in package com.android.development
W/PackageManager(  357): Unknown permission com.google.android.googleapps.permission.GOOGLE_AUTH in package com.android.development
W/PackageManager(  357): Unknown permission com.google.android.googleapps.permission.GOOGLE_AUTH.ALL_SERVICES in package com.android.development
W/PackageManager(  357): Unknown permission com.google.android.googleapps.permission.GOOGLE_AUTH.YouTubeUser in package com.android.development
W/PackageManager(  357): Not granting permission android.permission.DEVICE_POWER to package com.android.deskclock (protectionLevel=2 flags=0x8be45)
I/SystemServer(  357): Wi-Fi Service
I/SystemServer(  357): Connectivity Service
D/ConnectivityService(  357): ConnectivityService starting up
E/MobileDataStateTracker(  357): default: Ignoring feature request because could not acquire PhoneService
E/MobileDataStateTracker(  357): default: Could not enable APN type "default"
I/WifiService(  357): WifiService starting up with Wi-Fi disabled
I/SystemServer(  357): Network Service Discovery Service
D/NsdService(  357): Network service discovery enabled true
I/SystemServer(  357): Throttle Service
I/SystemServer(  357): FM receiver Service
I/SystemServer(  357): FM transmitter Service
I/SystemServer(  357): UpdateLock Service
I/SystemServer(  357): Profile Manager
I/SystemServer(  357): Notification Manager
I/SystemServer(  357): Device Storage Monitor
I/SystemServer(  357): Location Manager
I/SystemServer(  357): Country Detector
I/SystemServer(  357): Search Service
I/SystemServer(  357): DropBox Service
I/SystemServer(  357): Wallpaper Service
I/SystemServer(  357): Audio Service
I/SystemServer(  357): Dock Observer
W/DockObserver(  357): This kernel does not have dock station support
I/SystemServer(  357): Wired Accessory Observer
W/WiredAccessoryObserver(  357): This kernel does not have usb audio support
W/WiredAccessoryObserver(  357): This kernel does not have samsung usb dock audio support
W/WiredAccessoryObserver(  357): This kernel does not have HDMI audio support
I/SystemServer(  357): USB Service
I/SystemServer(  357): Serial Service
I/SystemServer(  357): UI Mode Manager Service
I/SystemServer(  357): Backup Service
V/BackupManagerService(  357): Initializing package tracking
V/BackupManagerService(  357): No ancestral data
V/BackupManagerService(  357): addPackageParticipantsLocked: all
I/BackupManagerService(  357): New app android never backed up; scheduling
D/BackupManagerService(  357): Now staging backup of android
I/BackupManagerService(  357): New app com.android.browser never backed up; scheduling
D/BackupManagerService(  357): Now staging backup of com.android.browser
I/BackupManagerService(  357): New app com.android.calendar never backed up; scheduling
D/BackupManagerService(  357): Now staging backup of com.android.calendar
I/BackupManagerService(  357): New app com.android.inputmethod.latin never backed up; scheduling
D/BackupManagerService(  357): Now staging backup of com.android.inputmethod.latin
I/BackupManagerService(  357): New app com.android.providers.settings never backed up; scheduling
D/BackupManagerService(  357): Now staging backup of com.android.providers.settings
I/BackupManagerService(  357): New app com.android.providers.userdictionary never backed up; scheduling
D/BackupManagerService(  357): Now staging backup of com.android.providers.userdictionary
I/BackupManagerService(  357): New app com.android.sharedstoragebackup never backed up; scheduling
D/BackupManagerService(  357): Now staging backup of com.android.sharedstoragebackup
V/BackupManagerService(  357): Registering transport android/com.android.internal.backup.LocalTransport = com.android.internal.backup.LocalTransport@4110a720
V/BackupManagerService(  357): Starting with transport com.google.android.backup/.BackupTransportService
V/BackupManagerService(  357): Google transport not present
I/BackupManagerService(  357): Found stale backup journal, scheduling
I/BackupManagerService(  357):   android
I/BackupManagerService(  357):   com.android.browser
I/BackupManagerService(  357):   com.android.calendar
I/BackupManagerService(  357):   com.android.inputmethod.latin
I/BackupManagerService(  357):   com.android.providers.settings
I/BackupManagerService(  357):   com.android.providers.userdictionary
I/BackupManagerService(  357):   com.android.sharedstoragebackup
I/BackupManagerService(  357): Backup enabled => false
I/BackupManagerService(  357): Opting out of backup
I/SystemServer(  357): AppWidget Service
I/SystemServer(  357): Recognition Service
I/SystemServer(  357): DiskStats Service
I/SystemServer(  357): SamplingProfiler Service
I/SystemServer(  357): NetworkTimeUpdateService
I/SystemServer(  357): CommonTimeManagementService
I/SystemServer(  357): CertBlacklister
I/SystemServer(  357): AssetRedirectionManager Service
D/PowerManagerService(  357): system ready!
I/ActivityManager(  357): System now ready
I/SystemServer(  357): Making services ready
D/SystemServer(  357): Starting service: Intent { cmp=com.android.systemui/.SystemUIService }
I/ActivityManager(  357): Start proc com.android.systemui for service com.android.systemui/.SystemUIService: pid=484 uid=10039 gids={1028, 1015, 3002, 3001}
D/NetworkManagementService(  357): enabling bandwidth control
D/SystemUIService(  484): loading: class com.android.systemui.statusbar.phone.PhoneStatusBar
D/SystemUIService(  484): running: com.android.systemui.statusbar.phone.PhoneStatusBar@40f494b0
I/StatusBarManagerService(  357): registerStatusBar bar=com.android.internal.statusbar.IStatusBar$Stub$Proxy@4102d4a0
I/ActivityManager(  357): Start proc android.process.media for broadcast com.android.providers.media/.UsbReceiver: pid=530 uid=10017 gids={1015, 1023, 1024, 1028, 2001, 3003, 3007}
I/ActivityManager(  357): Config changed: {1.0 0mcc0mnc en_US sw320dp w320dp h508dp nrml long port finger -keyb/v/h -nav/h s.4 themeResource=null}
W/RecognitionManagerService(  357): no available voice recognition services found
W/InputMethodManagerService(  357): Ignoring setImeWindowStatus of uid 1000 token: null
I/ActivityManager(  357): Start proc com.android.inputmethod.latin for service com.android.inputmethod.latin/.LatinIME: pid=547 uid=10024 gids={1028}
I/LocationManagerService(  357): Setting GPS Source to: 0
I/ActivityManager(  357): Start proc com.android.phone for added application com.android.phone: pid=577 uid=1001 gids={3002, 3001, 3003, 1015, 1028}
W/ThrottleService(  357): unable to find stats for iface rmnet0
I/ActivityManager(  357): START {act=android.intent.action.MAIN cat=[android.intent.category.HOME] flg=0x10000000 cmp=com.cyanogenmod.trebuchet/.Launcher u=0} from pid 0
I/ActivityManager(  357): Start proc com.cyanogenmod.trebuchet for activity com.cyanogenmod.trebuchet/.Launcher: pid=609 uid=10041 gids={1028}
I/SystemServer(  357): Enabled StrictMode for system server main thread.
D/PhoneStatusBar(  484): disable: < expand icons alerts ticker system_info back home recent clock >
D/StorageNotification(  484): Startup with UMS connection false (media state unmounted)
I/StorageNotification(  484): UMS connection changed to false (media state unmounted)
D/SystemUIService(  484): loading: class com.android.systemui.power.PowerUI
D/SystemUIService(  484): running: com.android.systemui.power.PowerUI@4111ff30
D/SystemUIService(  484): loading: class com.android.systemui.media.RingtonePlayer
D/SystemUIService(  484): running: com.android.systemui.media.RingtonePlayer@41120cf0
E/ActivityThread(  547): Failed to find provider info for com.android.inputmethod.latin.dictionarypack
I/ActivityManager(  357): Start proc com.android.smspush for service com.android.smspush/.WapPushManager: pid=644 uid=10046 gids={1028}
I/ActivityManager(  357): Start proc android.process.acore for content provider com.android.providers.userdictionary/.UserDictionaryProvider: pid=651 uid=10001 gids={3003, 1015, 1028}
D/RPC     (  357): 3000008c:00050000 sending call (XID 1).
I/LocationManagerService(  357): whitelist: []
I/LocationManagerService(  357): blacklist: []
D/RPC     (  357): 3000008c:00050000 received REPLY (XID 1), grabbing mutex to wake up client.
D/RPC     (  357): 3000008c:00050000 call success.
D/RPC     (  357): 3000008c:00050000 sending call (XID 2).
D/RPC     (  357): 3000008c:00050000 received REPLY (XID 2), grabbing mutex to wake up client.
D/RPC     (  357): 3000008c:00050000 call success.
D/RPC     (  357): 3000008c:00050000 sending call (XID 3).
D/RPC     (  357): 3000008c:00050000 received CALL.
I/ActivityManager(  357): Start proc com.android.settings for broadcast com.android.settings/.widget.SettingsAppWidgetProvider: pid=687 uid=1000 gids={1015, 3002, 3001, 3003, 1028}
D/RPC     (  357): 3000008c:00050000 waiting for XDR input buffer to be consumed.
W/ActivityManager(  357): Unable to start service Intent { act=com.android.ussd.IExtendedNetworkService }: not found
I/LocationManagerService(  357): request passive (pid 357) 0 0
D/RPC     (  357): 3000008c:00050000 dispatching RPC call (XID 12, xdr 0x5121a008) for callback client 3100008c:00050001.
D/RPC     (  357): 3000008c:00050000 received REPLY (XID 3), grabbing mutex to wake up client.
D/RPC     (  357): 3000008c:00050000 call success.
D/RPC     (  357): 3100008c:327681 sending RPC reply (XID 12)
D/RPC     (  357): 3000008c:00050000 received CALL.
D/RPC     (  357): 3000008c:00050000 dispatching RPC call (XID 14, xdr 0x5121a008) for callback client 3100008c:00050001.
D/RPC     (  357): 3100008c:327681 sending RPC reply (XID 14)
D/WifiService(  357): New client listening to asynchronous messages
D/PhoneStatusBar(  484): disable: < expand icons alerts ticker system_info BACK* HOME* RECENT* CLOCK* >
I/ActivityManager(  357): Start proc com.android.deskclock for broadcast com.android.deskclock/com.android.alarmclock.AnalogAppWidgetProvider: pid=719 uid=10015 gids={1028}
W/ActivityManager(  357): Permission denied: checkComponentPermission() owningUid=1000
W/BroadcastQueue(  357): Permission Denial: broadcasting Intent { act=android.appwidget.action.APPWIDGET_UPDATE_OPTIONS flg=0x10 cmp=com.android.settings/.widget.SettingsAppWidgetProvider (has extras) } from android (pid=609, uid=10041) is not exported from uid 1000 due to receiver com.android.settings/com.android.settings.widget.SettingsAppWidgetProvider
D/PowerManagerService(  357): bootCompleted
V/DevicePolicyManagerService(  357): Sending password expiration notifications for action android.intent.action.BOOT_COMPLETED
I/ActivityManager(  357): Start proc com.android.contacts for broadcast com.android.contacts/.calllog.CallLogReceiver: pid=735 uid=10001 gids={3003, 1015, 1028}
D/VoldCmdListener(  152): volume mount /storage/sdcard1
W/Vold    (  152): Volume is idle but appears to be mounted - fixing
D/Vold    (  152): Volume emmc state changing 1 (Idle-Unmounted) -> 4 (Mounted)
D/MountService(  357): volume state changed for /storage/sdcard1 (unmounted -> mounted)
D/VoldCmdListener(  152): volume mount /storage/sdcard0
I/Vold    (  152): /dev/block/vold/179:33 being considered for volume sdcard
D/Vold    (  152): Volume sdcard state changing 1 (Idle-Unmounted) -> 3 (Checking)
I/StorageNotification(  484): Media {/storage/sdcard1} state changed from {unmounted} -> {mounted} (primary = false)
D/MountService(  357): sendStorageIntent Intent { act=android.intent.action.MEDIA_MOUNTED dat=file:///storage/sdcard1 (has extras) }
D/MountService(  357): volume state changed for /storage/sdcard0 (unmounted -> checking)
I/StorageNotification(  484): Media {/storage/sdcard0} state changed from {unmounted} -> {checking} (primary = true)
D/MountService(  357): sendStorageIntent Intent { act=android.intent.action.MEDIA_CHECKING dat=file:///storage/sdcard0 (has extras) }
V/WiredAccessoryObserver(  357): init()
D/PhoneStatusBar(  484): addNotification score=0
I/ActivityManager(  357): Start proc com.bel.android.dspmanager for broadcast com.bel.android.dspmanager/.receiver.BootCompletedReceiver: pid=770 uid=10013 gids={3002, 1028}
I/ActivityManager(  357): Start proc com.cyanogenmod.updater for broadcast com.cyanogenmod.updater/.receiver.UpdateCheckReceiver: pid=793 uid=10007 gids={3003, 1015, 2001, 1028}
I/ActivityManager(  357): Start proc com.android.providers.calendar for broadcast com.android.providers.calendar/.CalendarReceiver: pid=809 uid=10011 gids={3003, 1015, 1028}
I/ActivityManager(  357): Start proc com.cyanogenmod.updater.updater.service.UpdateCheckService for service com.cyanogenmod.updater/.service.UpdateCheckService: pid=818 uid=10007 gids={3003, 1015, 2001, 1028}
I/ActivityManager(  357): Start proc com.android.email for broadcast com.android.email/.service.EmailBroadcastReceiver: pid=846 uid=10018 gids={3003, 1015, 1028}
I/ActivityManager(  357): Start proc com.android.exchange for service com.android.exchange/.ExchangeService: pid=863 uid=10019 gids={3003, 1015, 1028}
I/ActivityManager(  357): Start proc com.android.mms for broadcast com.android.mms/.transaction.MmsSystemEventReceiver: pid=884 uid=10028 gids={3003, 1015, 1028}
D/CountryDetector(  357): The first listener is added
I/ActivityManager(  357): Start proc com.android.voicedialer for broadcast com.android.voicedialer/.VoiceDialerReceiver: pid=924 uid=10044 gids={3002, 1028}
I/ActivityManager(  357): Start proc com.android.calendar for broadcast com.android.calendar/.alerts.AlertReceiver: pid=939 uid=10010 gids={3003, 1028}
I/Vold    (  152): Filesystem check completed OK
I/Vold    (  152): Device /dev/block/vold/179:33, target /storage/sdcard0 mounted @ /mnt/secure/staging
D/Vold    (  152): Volume sdcard state changing 3 (Checking) -> 4 (Mounted)
D/MountService(  357): volume state changed for /storage/sdcard0 (checking -> mounted)
E/VoldConnector(  357): NDC Command {4 volume mount /storage/sdcard0} took too long (5077ms)
D/MountService(  357): sendStorageIntent Intent { act=android.intent.action.MEDIA_MOUNTED dat=file:///storage/sdcard0 (has extras) }
I/StorageNotification(  484): Media {/storage/sdcard0} state changed from {checking} -> {mounted} (primary = true)
D/VoldCmdListener(  152): asec list
E/VoldConnector(  357): NDC Command {5 asec list} took too long (728ms)
W/PackageManager(  357): Unknown permission com.google.android.googleapps.permission.GOOGLE_AUTH.mail in package com.android.contacts
W/PackageManager(  357): Unknown permission android.permission.ADD_SYSTEM_SERVICE in package com.android.phone
W/PackageManager(  357): Unknown permission com.google.android.googleapps.permission.GOOGLE_AUTH in package com.android.providers.calendar
W/PackageManager(  357): Unknown permission com.google.android.googleapps.permission.GOOGLE_AUTH.cl in package com.android.providers.calendar
W/PackageManager(  357): Unknown permission com.google.android.googleapps.permission.GOOGLE_AUTH.mail in package com.android.calendar
W/PackageManager(  357): Not granting permission android.permission.SEND_DOWNLOAD_COMPLETED_INTENTS to package com.android.browser (protectionLevel=2 flags=0x9be45)
W/PackageManager(  357): Unknown permission com.cyanogenmod.filemanager.permissions.READ_THEME in package com.cyanogenmod.filemanager
W/PackageManager(  357): Unknown permission com.google.android.googleapps.permission.GOOGLE_AUTH in package com.android.settings
W/PackageManager(  357): Unknown permission com.google.android.googleapps.permission.GOOGLE_AUTH in package com.android.providers.contacts
W/PackageManager(  357): Unknown permission com.google.android.googleapps.permission.GOOGLE_AUTH.cp in package com.android.providers.contacts
W/PackageManager(  357): Unknown permission android.permission.ACCESS_4G_RADIO_DISABLE in package com.android.systemui
W/PackageManager(  357): Unknown permission android.permission.ACCESS_4G_STATE in package com.android.systemui
W/PackageManager(  357): Unknown permission android.permission.CHANGE_4G_STATE in package com.android.systemui
W/PackageManager(  357): Unknown permission com.google.android.googleapps.permission.ACCESS_GOOGLE_PASSWORD in package com.android.development
W/PackageManager(  357): Unknown permission com.google.android.googleapps.permission.GOOGLE_AUTH in package com.android.development
W/PackageManager(  357): Unknown permission com.google.android.googleapps.permission.GOOGLE_AUTH.ALL_SERVICES in package com.android.development
W/PackageManager(  357): Unknown permission com.google.android.googleapps.permission.GOOGLE_AUTH.YouTubeUser in package com.android.development
W/PackageManager(  357): Not granting permission android.permission.DEVICE_POWER to package com.android.deskclock (protectionLevel=2 flags=0x8be45)
D/PhoneStatusBar(  484): disable: < expand icons alerts ticker system_info BACK HOME recent* CLOCK >
D/PhoneStatusBar(  484): disable: < expand icons alerts ticker system_info back* home* recent clock* >
I/ActivityManager(  357): START {act=android.intent.action.MAIN cat=[android.intent.category.HOME] flg=0x10200000 cmp=com.cyanogenmod.trebuchet/.Launcher u=0} from pid 357
I/ActivityManager(  357): START {act=android.intent.action.MAIN cat=[android.intent.category.HOME] flg=0x10200000 cmp=com.cyanogenmod.trebuchet/.Launcher u=0} from pid 357
I/ActivityManager(  357): START {act=android.intent.action.MAIN cat=[android.intent.category.LAUNCHER] flg=0x10200000 cmp=com.android.settings/.Settings u=0} from pid 609
I/ActivityManager(  357): START {act=android.intent.action.MAIN cmp=com.android.settings/.SubSettings (has extras) u=0} from pid 687
I/ActivityManager(  357): START {act=android.intent.action.MAIN cmp=com.android.settings/.SubSettings (has extras) u=0} from pid 687
I/ActivityManager(  357): Config changed: {1.0 0mcc0mnc zh_CN sw320dp w320dp h508dp nrml long port finger -keyb/v/h -nav/h s.5 themeResource=null}
I/InputMethodManagerService(  357): No default found, using com.android.inputmethod.latin/.LatinIME
W/InputMethodManagerService(  357): Illegal subtype state: old subtype = null, new subtype = android.view.inputmethod.InputMethodSubtype@c9194f98
I/ActivityManager(  357): START {act=android.intent.action.MAIN cmp=com.android.settings/.SubSettings (has extras) u=0} from pid 687
W/ThrottleService(  357): unable to find stats for iface rmnet0
W/SocketClient(  153): write error (Broken pipe)
W/SocketClient(  153): write error (Broken pipe)
D/PhoneStatusBar(  484): disable: < expand icons alerts ticker system_info back home RECENT* clock >
D/PhoneStatusBar(  484): disable: < expand icons alerts ticker system_info BACK* HOME* RECENT CLOCK* >
W/ThrottleService(  357): unable to find stats for iface rmnet0
W/ProcessStats(  357): Skipping unknown process pid 1758
W/ProcessStats(  357): Skipping unknown process pid 1759
W/ProcessStats(  357): Skipping unknown process pid 1760
W/ThrottleService(  357): unable to find stats for iface rmnet0
I/WindowManager(  357): Lock screen displayed!
D/PhoneStatusBar(  484): disable: < expand icons alerts ticker system_info BACK HOME recent* CLOCK >
D/PhoneStatusBar(  484): disable: < expand icons alerts ticker system_info back* home* recent clock* >
W/InputMethodManagerService(  357): Window already focused, ignoring focus gain of: com.android.internal.view.IInputMethodClient$Stub$Proxy@414c64d0 attribute=android.view.inputmethod.EditorInfo@414c64e0
D/PhoneStatusBar(  484): disable: < expand icons alerts ticker system_info back home RECENT* clock >
D/PhoneStatusBar(  484): disable: < expand icons alerts ticker system_info BACK* HOME* RECENT CLOCK* >
W/ProcessStats(  357): Skipping unknown process pid 3320
W/ProcessStats(  357): Skipping unknown process pid 3321
W/ProcessStats(  357): Skipping unknown process pid 3322
W/ProcessStats(  357): Skipping unknown process pid 3323
W/ThrottleService(  357): unable to find stats for iface rmnet0
I/WindowManager(  357): Lock screen displayed!
I/WindowManager(  357): Lock screen displayed!
D/PhoneStatusBar(  484): disable: < expand icons alerts ticker system_info BACK HOME recent* CLOCK >
D/PhoneStatusBar(  484): disable: < expand icons alerts ticker system_info back* home* recent clock* >
W/InputMethodManagerService(  357): Window already focused, ignoring focus gain of: com.android.internal.view.IInputMethodClient$Stub$Proxy@40f67eb8 attribute=android.view.inputmethod.EditorInfo@410fcf70
I/ActivityManager(  357): START {act=android.intent.action.MAIN cat=[android.intent.category.HOME] flg=0x10200000 cmp=com.cyanogenmod.trebuchet/.Launcher u=0} from pid 357
W/ActivityManager(  357): Permission denied: checkComponentPermission() owningUid=1000
W/BroadcastQueue(  357): Permission Denial: broadcasting Intent { act=android.appwidget.action.APPWIDGET_UPDATE_OPTIONS flg=0x10 cmp=com.android.settings/.widget.SettingsAppWidgetProvider (has extras) } from android (pid=609, uid=10041) is not exported from uid 1000 due to receiver com.android.settings/com.android.settings.widget.SettingsAppWidgetProvider
I/ActivityManager(  357): START {act=android.intent.action.MAIN cat=[android.intent.category.LAUNCHER] flg=0x10200000 cmp=com.android.contacts/.activities.DialtactsActivity bnds=[0,707][96,800] u=0} from pid 609
I/ActivityManager(  357): START {act=android.intent.action.MAIN flg=0x10000000 cmp=com.android.settings/.TestingSettings u=0} from pid 687
I/ActivityManager(  357): Start proc com.noshufou.android.su for broadcast com.noshufou.android.su/.SecretCodeReceiver: pid=4694 uid=10038 gids={3003, 1015, 1028}
I/ActivityManager(  357): START {act=android.intent.action.MAIN cmp=com.android.settings/.RadioInfo u=0} from pid 687
W/SocketClient(  153): write error (Broken pipe)
W/InputMethodManagerService(  357): Window already focused, ignoring focus gain of: com.android.internal.view.IInputMethodClient$Stub$Proxy@4118d6b0 attribute=null
W/InputMethodManagerService(  357): Window already focused, ignoring focus gain of: com.android.internal.view.IInputMethodClient$Stub$Proxy@40f46798 attribute=null
W/InputMethodManagerService(  357): Window already focused, ignoring focus gain of: com.android.internal.view.IInputMethodClient$Stub$Proxy@4122d390 attribute=null
I/ActivityManager(  357): START {act=android.intent.action.MAIN cmp=com.android.settings/.wifi.WifiInfo u=0} from pid 687
I/ActivityManager(  357): START {act=android.intent.action.MAIN cmp=com.android.settings/.wifi.WifiAPITest u=0} from pid 687
W/ThrottleService(  357): unable to find stats for iface rmnet0
W/SocketClient(  153): write error (Broken pipe)
I/ActivityManager(  357): START {act=android.intent.action.MAIN cmp=com.android.settings/.UsageStats u=0} from pid 687
I/ActivityManager(  357): moveTaskToBack: 4
D/PhoneStatusBar(  484): disable: < expand icons alerts ticker system_info back home RECENT* clock >
D/PhoneStatusBar(  484): disable: < expand icons alerts ticker system_info BACK* HOME* RECENT CLOCK* >
I/WindowManager(  357): Lock screen displayed!
D/PhoneStatusBar(  484): disable: < expand icons alerts ticker system_info BACK HOME recent* CLOCK >
D/PhoneStatusBar(  484): disable: < expand icons alerts ticker system_info back* home* recent clock* >
W/InputMethodManagerService(  357): Window already focused, ignoring focus gain of: com.android.internal.view.IInputMethodClient$Stub$Proxy@410024d8 attribute=android.view.inputmethod.EditorInfo@40fa1da0
I/ActivityManager(  357): START {act=android.intent.action.MAIN cat=[android.intent.category.LAUNCHER] flg=0x10200000 cmp=jackpal.androidterm/.Term u=0} from pid 609
I/ActivityManager(  357): Start proc jackpal.androidterm for activity jackpal.androidterm/.Term: pid=4924 uid=10040 gids={3003, 1015, 1028}
D/PhoneStatusBar(  484): addNotification score=0
I/ActivityManager(  357): START {act=android.search.action.GLOBAL_SEARCH flg=0x10000000 cmp=com.android.quicksearchbox/.SearchActivity bnds=[5,43][475,103] (has extras) u=0} from pid 609
I/ActivityManager(  357): Start proc com.android.quicksearchbox for activity com.android.quicksearchbox/.SearchActivity: pid=4952 uid=10034 gids={3003, 1028}
I/ActivityManager(  357): Start proc com.android.browser for content provider com.android.browser/.provider.BrowserProvider2: pid=4977 uid=10004 gids={3003, 1015, 1028}
E/ActivityThread( 4977): Failed to find provider info for com.google.settings
E/ActivityThread( 4977): Failed to find provider info for com.google.settings
E/ActivityThread( 4977): Failed to find provider info for com.google.settings
E/ActivityThread( 4977): Failed to find provider info for com.google.settings
E/ActivityThread( 4977): Failed to find provider info for com.google.settings
E/ActivityThread( 4977): Failed to find provider info for com.google.settings
E/ActivityThread( 4977): Failed to find provider info for com.google.settings
E/ActivityThread( 4977): Failed to find provider info for com.google.settings
E/ActivityThread( 4977): Failed to find provider info for com.google.settings
E/ActivityThread( 4977): Failed to find provider info for com.google.settings
E/ActivityThread( 4977): Failed to find provider info for com.google.settings
E/ActivityThread( 4977): Failed to find provider info for com.google.settings
E/ActivityThread( 4977): Failed to find provider info for com.google.settings
E/ActivityThread( 4977): Failed to find provider info for com.google.settings
E/ActivityThread( 4977): Failed to find provider info for com.google.settings
E/ActivityThread( 4977): Failed to find provider info for com.google.settings
I/ActivityManager(  357): START {act=android.intent.action.MAIN cat=[android.intent.category.LAUNCHER] flg=0x10200000 cmp=jackpal.androidterm/.Term u=0} from pid 609
W/InputMethodManagerService(  357): Window already focused, ignoring focus gain of: com.android.internal.view.IInputMethodClient$Stub$Proxy@410767d8 attribute=null
I/ActivityManager(  357): START {act=android.intent.action.MAIN cat=[android.intent.category.LAUNCHER] flg=0x10200000 cmp=com.android.settings/.Settings u=0} from pid 609
--------- beginning of /dev/log/main
W/System.err(  687): Removed 2131362317
W/System.err(  687): Removed 2131362328
W/System.err(  687): Removed 2131362329
E/Sensors (  357): sensors_poll_context_t::pollEvents, line 202: receive event #### i=3, nb=1
E/Sensors (  357): sensors_poll_context_t::pollEvents, line 202: receive event #### i=3, nb=1
I/ActivityManager(  357): START {act=android.intent.action.MAIN cmp=com.android.settings/.SubSettings (has extras) u=0} from pid 687
E/Sensors (  357): sensors_poll_context_t::pollEvents, line 202: receive event #### i=3, nb=1
W/System.err(  687): Removed 2131362317
W/System.err(  687): Removed 2131362328
W/System.err(  687): Removed 2131362329
I/ActivityManager(  357): Displayed com.android.settings/.SubSettings: +554ms
W/System.err(  687): Removed 2131362317
W/System.err(  687): Removed 2131362328
W/System.err(  687): Removed 2131362329
E/Sensors (  357): sensors_poll_context_t::pollEvents, line 202: receive event #### i=3, nb=1
E/Sensors (  357): sensors_poll_context_t::pollEvents, line 202: receive event #### i=3, nb=1
E/Sensors (  357): sensors_poll_context_t::pollEvents, line 202: receive event #### i=3, nb=1
E/Sensors (  357): sensors_poll_context_t::pollEvents, line 202: receive event #### i=3, nb=1
I/ActivityManager(  357): START {act=android.intent.action.MAIN cmp=com.android.settings/.SubSettings (has extras) u=0} from pid 687
W/System.err(  687): Removed 2131362317
W/System.err(  687): Removed 2131362328
W/System.err(  687): Removed 2131362329
I/ActivityManager(  357): Displayed com.android.settings/.SubSettings: +264ms
W/System.err(  687): Removed 2131362317
W/System.err(  687): Removed 2131362328
W/System.err(  687): Removed 2131362329
E/Sensors (  357): sensors_poll_context_t::pollEvents, line 202: receive event #### i=3, nb=1
E/Sensors (  357): sensors_poll_context_t::pollEvents, line 202: receive event #### i=3, nb=1
E/Sensors (  357): sensors_poll_context_t::pollEvents, line 202: receive event #### i=3, nb=1
E/Sensors (  357): sensors_poll_context_t::pollEvents, line 202: receive event #### i=3, nb=1
W/lights  (  357): TP Button Light current value is 0 
W/lights  (  357): button_backlight:property_get,percent =0
E/Sensors (  357): sensors_poll_context_t::pollEvents, line 202: receive event #### i=3, nb=1
W/lights  (  357): TP Button Light current value is 102 
W/lights  (  357): button_backlight:property_get,percent =0
E/Sensors (  357): sensors_poll_context_t::pollEvents, line 202: receive event #### i=3, nb=1
E/Sensors (  357): sensors_poll_context_t::pollEvents, line 202: receive event #### i=3, nb=1
W/InputMethodManagerService(  357): Window already focused, ignoring focus gain of: com.android.internal.view.IInputMethodClient$Stub$Proxy@41410170 attribute=null
D/dalvikvm(  687): GC_CONCURRENT freed 1582K, 30% free 6144K/8711K, paused 8ms+8ms, total 62ms
E/Sensors (  357): sensors_poll_context_t::pollEvents, line 202: receive event #### i=3, nb=1
E/Sensors (  357): sensors_poll_context_t::pollEvents, line 202: receive event #### i=3, nb=1
E/Sensors (  357): sensors_poll_context_t::pollEvents, line 202: receive event #### i=3, nb=1
W/System.err(  687): Removed 2131362317
W/System.err(  687): Removed 2131362328
W/System.err(  687): Removed 2131362329
E/Sensors (  357): sensors_poll_context_t::pollEvents, line 202: receive event #### i=3, nb=1
D/dalvikvm(  687): GC_EXPLICIT freed 518K, 34% free 5752K/8711K, paused 11ms+2ms, total 57ms
W/System.err(  687): Removed 2131362317
W/System.err(  687): Removed 2131362328
W/System.err(  687): Removed 2131362329
D/dalvikvm(  687): GC_EXPLICIT freed 42K, 35% free 5735K/8711K, paused 10ms+5ms, total 44ms
E/Sensors (  357): sensors_poll_context_t::pollEvents, line 202: receive event #### i=3, nb=1
E/Sensors (  357): sensors_poll_context_t::pollEvents, line 202: receive event #### i=3, nb=1
I/ActivityManager(  357): START {act=android.intent.action.MAIN cmp=com.android.settings/.SubSettings (has extras) u=0} from pid 687
D/dalvikvm(  357): GC_FOR_ALLOC freed 2491K, 45% free 6840K/12359K, paused 40ms, total 41ms
D/PermissionCache(  156): checking android.permission.HARDWARE_TEST for uid=1000 => granted (271 us)
D/VoldCmdListener(  152): cryptfs cryptocomplete
E/Cryptfs (  152): not running with encryption, aborting
W/System.err(  687): Removed 2131362317
W/System.err(  687): Removed 2131362328
W/System.err(  687): Removed 2131362329
I/ActivityManager(  357): Displayed com.android.settings/.SubSettings: +449ms
W/System.err(  687): Removed 2131362317
W/System.err(  687): Removed 2131362328
W/System.err(  687): Removed 2131362329
E/Sensors (  357): sensors_poll_context_t::pollEvents, line 202: receive event #### i=3, nb=1
E/Sensors (  357): sensors_poll_context_t::pollEvents, line 202: receive event #### i=3, nb=1
D/VoldCmdListener(  152): cryptfs cryptocomplete
E/Cryptfs (  152): not running with encryption, aborting
I/dalvikvm(  687): Jit: resizing JitTable from 4096 to 8192
W/InputMethodManagerService(  357): Window already focused, ignoring focus gain of: com.android.internal.view.IInputMethodClient$Stub$Proxy@40f468b8 attribute=null
E/Sensors (  357): sensors_poll_context_t::pollEvents, line 202: receive event #### i=3, nb=1
E/Sensors (  357): sensors_poll_context_t::pollEvents, line 202: receive event #### i=3, nb=1
E/Sensors (  357): sensors_poll_context_t::pollEvents, line 202: receive event #### i=3, nb=1
W/InputMethodManagerService(  357): Window already focused, ignoring focus gain of: com.android.internal.view.IInputMethodClient$Stub$Proxy@40fd6350 attribute=null
E/Sensors (  357): sensors_poll_context_t::pollEvents, line 202: receive event #### i=3, nb=1
E/Sensors (  357): sensors_poll_context_t::pollEvents, line 202: receive event #### i=3, nb=1
W/InputMethodManagerService(  357): Window already focused, ignoring focus gain of: com.android.internal.view.IInputMethodClient$Stub$Proxy@4108b138 attribute=null
E/Sensors (  357): sensors_poll_context_t::pollEvents, line 202: receive event #### i=3, nb=1
E/Sensors (  357): sensors_poll_context_t::pollEvents, line 202: receive event #### i=3, nb=1
E/Sensors (  357): sensors_poll_context_t::pollEvents, line 202: receive event #### i=3, nb=1
E/Sensors (  357): sensors_poll_context_t::pollEvents, line 202: receive event #### i=3, nb=1
W/System.err(  687): Removed 2131362317
W/System.err(  687): Removed 2131362328
W/System.err(  687): Removed 2131362329
D/dalvikvm(  687): GC_EXPLICIT freed 579K, 29% free 6213K/8711K, paused 2ms+6ms, total 42ms
E/Sensors (  357): sensors_poll_context_t::pollEvents, line 202: receive event #### i=3, nb=1
E/Sensors (  357): sensors_poll_context_t::pollEvents, line 202: receive event #### i=3, nb=1
D/dalvikvm(  687): GC_EXPLICIT freed 647K, 35% free 5745K/8711K, paused 2ms+8ms, total 59ms
E/Sensors (  357): sensors_poll_context_t::pollEvents, line 202: receive event #### i=3, nb=1
E/Sensors (  357): sensors_poll_context_t::pollEvents, line 202: receive event #### i=3, nb=1
E/Sensors (  357): sensors_poll_context_t::pollEvents, line 202: receive event #### i=3, nb=1
E/Sensors (  357): sensors_poll_context_t::pollEvents, line 202: receive event #### i=3, nb=1
W/lights  (  357): TP Button Light current value is 0 
W/lights  (  357): button_backlight:property_get,percent =0
W/lights  (  357): TP Button Light current value is 102 
W/lights  (  357): button_backlight:property_get,percent =0
W/lights  (  357): Battery light current red value = 255,green value= 255, blue value= 0,onMS=0, offMS=0
W/PowerUI (  484): unknown intent: Intent { act=android.intent.action.ACTION_POWER_CONNECTED flg=0x8000010 }
D/PhoneStatusBar(  484): addNotification score=-10
I/StorageNotification(  484): UMS connection changed to true (media state mounted)
D/SizeAdaptiveLayout(  484): com.android.internal.widget.SizeAdaptiveLayout@411463d0child view android.widget.FrameLayout@411484b0 measured out of bounds at 95px clamped to 96px
I/StorageNotification(  484): UMS connection changed to true (media state mounted)
D/PhoneStatusBar(  484): addNotification score=0
E/Sensors (  357): sensors_poll_context_t::pollEvents, line 202: receive event #### i=3, nb=1
D/dalvikvm(  484): GC_CONCURRENT freed 643K, 52% free 5398K/11207K, paused 2ms+4ms, total 24ms
D/SizeAdaptiveLayout(  484): com.android.internal.widget.SizeAdaptiveLayout@4119dcb0child view android.widget.FrameLayout@41146718 measured out of bounds at 95px clamped to 96px
D/SizeAdaptiveLayout(  484): com.android.internal.widget.SizeAdaptiveLayout@4119dcb0child view android.widget.FrameLayout@41146718 measured out of bounds at 95px clamped to 96px
E/Sensors (  357): sensors_poll_context_t::pollEvents, line 202: receive event #### i=3, nb=1
E/Sensors (  357): sensors_poll_context_t::pollEvents, line 202: receive event #### i=3, nb=1
E/Sensors (  357): sensors_poll_context_t::pollEvents, line 202: receive event #### i=3, nb=1
E/Sensors (  357): sensors_poll_context_t::pollEvents, line 202: receive event #### i=3, nb=1
E/Sensors (  357): sensors_poll_context_t::pollEvents, line 202: receive event #### i=3, nb=1
I/ActivityManager(  357): START {act=android.intent.action.MAIN cat=[android.intent.category.LAUNCHER] flg=0x10200000 cmp=com.android.settings/.Settings u=0} from pid 609
D/dalvikvm(  357): GC_FOR_ALLOC freed 1153K, 44% free 6945K/12359K, paused 50ms, total 50ms
W/System.err(  687): Removed 2131362317
W/System.err(  687): Removed 2131362328
W/System.err(  687): Removed 2131362329
W/System.err(  687): Removed 2131362317
W/System.err(  687): Removed 2131362328
W/System.err(  687): Removed 2131362329
I/ActivityManager(  357): Displayed com.android.settings/.Settings: +351ms
E/Sensors (  357): sensors_poll_context_t::pollEvents, line 202: receive event #### i=3, nb=1
I/ActivityManager(  357): START {act=android.intent.action.MAIN cmp=com.android.settings/.SubSettings (has extras) u=0} from pid 687
E/Sensors (  357): sensors_poll_context_t::pollEvents, line 202: receive event #### i=3, nb=1
W/System.err(  687): Removed 2131362317
W/System.err(  687): Removed 2131362328
W/System.err(  687): Removed 2131362329
I/ActivityManager(  357): Displayed com.android.settings/.SubSettings: +250ms
W/System.err(  687): Removed 2131362317
W/System.err(  687): Removed 2131362328
W/System.err(  687): Removed 2131362329
E/Sensors (  357): sensors_poll_context_t::pollEvents, line 202: receive event #### i=3, nb=1
E/Sensors (  357): sensors_poll_context_t::pollEvents, line 202: receive event #### i=3, nb=1
E/Sensors (  357): sensors_poll_context_t::pollEvents, line 202: receive event #### i=3, nb=1
E/Sensors (  357): sensors_poll_context_t::pollEvents, line 202: receive event #### i=3, nb=1
E/Sensors (  357): sensors_poll_context_t::pollEvents, line 202: receive event #### i=3, nb=1
E/Sensors (  357): sensors_poll_context_t::pollEvents, line 202: receive event #### i=3, nb=1
E/Sensors (  357): sensors_poll_context_t::pollEvents, line 202: receive event #### i=3, nb=1
E/Sensors (  357): sensors_poll_context_t::pollEvents, line 202: receive event #### i=3, nb=1
E/Sensors (  357): sensors_poll_context_t::pollEvents, line 202: receive event #### i=3, nb=1
E/Sensors (  357): sensors_poll_context_t::pollEvents, line 202: receive event #### i=3, nb=1
E/Sensors (  357): sensors_poll_context_t::pollEvents, line 202: receive event #### i=3, nb=1
E/Sensors (  357): sensors_poll_context_t::pollEvents, line 202: receive event #### i=3, nb=1
W/lights  (  357): TP Button Light current value is 0 
W/lights  (  357): button_backlight:property_get,percent =0
E/Sensors (  357): sensors_poll_context_t::pollEvents, line 202: receive event #### i=3, nb=1
E/Sensors (  357): sensors_poll_context_t::pollEvents, line 202: receive event #### i=3, nb=1
E/Sensors (  357): sensors_poll_context_t::pollEvents, line 202: receive event #### i=3, nb=1
E/Sensors (  357): sensors_poll_context_t::pollEvents, line 202: receive event #### i=3, nb=1
E/Sensors (  357): sensors_poll_context_t::pollEvents, line 202: receive event #### i=3, nb=1
E/Sensors (  357): sensors_poll_context_t::pollEvents, line 202: receive event #### i=3, nb=1
E/Sensors (  357): sensors_poll_context_t::pollEvents, line 202: receive event #### i=3, nb=1
E/Sensors (  357): sensors_poll_context_t::pollEvents, line 202: receive event #### i=3, nb=1
E/Sensors (  357): sensors_poll_context_t::pollEvents, line 202: receive event #### i=3, nb=1
E/Sensors (  357): sensors_poll_context_t::pollEvents, line 202: receive event #### i=3, nb=1
W/lights  (  357): TP Button Light current value is 102 
W/lights  (  357): button_backlight:property_get,percent =0
E/Sensors (  357): sensors_poll_context_t::pollEvents, line 202: receive event #### i=3, nb=1
E/Sensors (  357): sensors_poll_context_t::pollEvents, line 202: receive event #### i=3, nb=1
E/Sensors (  357): sensors_poll_context_t::pollEvents, line 202: receive event #### i=3, nb=1
E/Sensors (  357): sensors_poll_context_t::pollEvents, line 202: receive event #### i=3, nb=1
E/Sensors (  357): sensors_poll_context_t::pollEvents, line 202: receive event #### i=3, nb=1
W/lights  (  357): TP Button Light current value is 0 
W/lights  (  357): button_backlight:property_get,percent =0
E/Sensors (  357): sensors_poll_context_t::pollEvents, line 202: receive event #### i=3, nb=1
E/Sensors (  357): sensors_poll_context_t::pollEvents, line 202: receive event #### i=3, nb=1
