W/InputMethodManagerService(  357): Window already focused, ignoring focus gain of: com.android.internal.view.IInputMethodClient$Stub$Proxy@41185d48 attribute=android.view.inputmethod.EditorInfo@41189eb8
E/Sensors (  357): sensors_poll_context_t::pollEvents, line 202: receive event #### i=3, nb=1
E/Sensors (  357): sensors_poll_context_t::pollEvents, line 202: receive event #### i=3, nb=1
E/Sensors (  357): sensors_poll_context_t::pollEvents, line 202: receive event #### i=3, nb=1
E/Sensors (  357): sensors_poll_context_t::pollEvents, line 202: receive event #### i=3, nb=1
W/System.err(  687): Removed 2131362317
W/System.err(  687): Removed 2131362328
W/System.err(  687): Removed 2131362329
E/Sensors (  357): sensors_poll_context_t::pollEvents, line 202: receive event #### i=3, nb=1
D/dalvikvm(  687): GC_EXPLICIT freed 899K, 34% free 5828K/8711K, paused 2ms+7ms, total 41ms
E/Sensors (  357): sensors_poll_context_t::pollEvents, line 202: receive event #### i=3, nb=1
I/ActivityManager(  357): START {act=android.intent.action.MAIN cmp=com.android.settings/.SubSettings (has extras) u=0} from pid 687
E/Sensors (  357): sensors_poll_context_t::pollEvents, line 202: receive event #### i=3, nb=1
V/NFC     (  687): this device does not have NFC support
W/System.err(  687): Removed 2131362317
W/System.err(  687): Removed 2131362328
W/System.err(  687): Removed 2131362329
I/ActivityManager(  357): Displayed com.android.settings/.SubSettings: +218ms
W/System.err(  687): Removed 2131362317
W/System.err(  687): Removed 2131362328
W/System.err(  687): Removed 2131362329
E/Sensors (  357): sensors_poll_context_t::pollEvents, line 202: receive event #### i=3, nb=1
E/Sensors (  357): sensors_poll_context_t::pollEvents, line 202: receive event #### i=3, nb=1
I/ActivityManager(  357): START {act=android.intent.action.MAIN cmp=com.android.settings/.SubSettings (has extras) u=0} from pid 687
D/webcoreglue(  687): netstack: Memory Cache feature is ON
W/System.err(  687): Removed 2131362317
W/System.err(  687): Removed 2131362328
W/System.err(  687): Removed 2131362329
E/Sensors (  357): sensors_poll_context_t::pollEvents, line 202: receive event #### i=3, nb=1
I/ActivityManager(  357): Displayed com.android.settings/.SubSettings: +328ms
W/System.err(  687): Removed 2131362317
W/System.err(  687): Removed 2131362328
W/System.err(  687): Removed 2131362329
E/Sensors (  357): sensors_poll_context_t::pollEvents, line 202: receive event #### i=3, nb=1
W/System.err(  687): Removed 2131362317
W/System.err(  687): Removed 2131362328
W/System.err(  687): Removed 2131362329
D/dalvikvm(  687): GC_EXPLICIT freed 554K, 31% free 6015K/8711K, paused 7ms+4ms, total 46ms
E/Sensors (  357): sensors_poll_context_t::pollEvents, line 202: receive event #### i=3, nb=1
E/Sensors (  357): sensors_poll_context_t::pollEvents, line 202: receive event #### i=3, nb=1
I/ActivityManager(  357): START {act=android.intent.action.MAIN cmp=com.android.settings/.SubSettings (has extras) u=0} from pid 687
W/System.err(  687): Removed 2131362317
W/System.err(  687): Removed 2131362328
W/System.err(  687): Removed 2131362329
I/ActivityManager(  357): Displayed com.android.settings/.SubSettings: +184ms
W/System.err(  687): Removed 2131362317
W/System.err(  687): Removed 2131362328
W/System.err(  687): Removed 2131362329
E/Sensors (  357): sensors_poll_context_t::pollEvents, line 202: receive event #### i=3, nb=1
E/Sensors (  357): sensors_poll_context_t::pollEvents, line 202: receive event #### i=3, nb=1
E/Sensors (  357): sensors_poll_context_t::pollEvents, line 202: receive event #### i=3, nb=1
E/Sensors (  357): sensors_poll_context_t::pollEvents, line 202: receive event #### i=3, nb=1
W/lights  (  357): TP Button Light current value is 0 
W/lights  (  357): button_backlight:property_get,percent =0
E/Sensors (  357): sensors_poll_context_t::pollEvents, line 202: receive event #### i=3, nb=1
E/Sensors (  357): sensors_poll_context_t::pollEvents, line 202: receive event #### i=3, nb=1
E/Sensors (  357): sensors_poll_context_t::pollEvents, line 202: receive event #### i=3, nb=1
E/Sensors (  357): sensors_poll_context_t::pollEvents, line 202: receive event #### i=3, nb=1
E/Sensors (  357): sensors_poll_context_t::pollEvents, line 202: receive event #### i=3, nb=1
E/Sensors (  357): sensors_poll_context_t::pollEvents, line 202: receive event #### i=3, nb=1
E/Sensors (  357): sensors_poll_context_t::pollEvents, line 202: receive event #### i=3, nb=1
E/Sensors (  357): sensors_poll_context_t::pollEvents, line 202: receive event #### i=3, nb=1
E/Sensors (  357): sensors_poll_context_t::pollEvents, line 202: receive event #### i=3, nb=1
W/lights  (  357): TP Button Light current value is 102 
W/lights  (  357): button_backlight:property_get,percent =0
W/System.err(  687): Removed 2131362317
W/System.err(  687): Removed 2131362328
W/System.err(  687): Removed 2131362329
E/Sensors (  357): sensors_poll_context_t::pollEvents, line 202: receive event #### i=3, nb=1
D/dalvikvm(  687): GC_EXPLICIT freed 277K, 32% free 5982K/8711K, paused 13ms+6ms, total 56ms
D/webviewglue(  687): nativeDestroy view: 0x512d4b60
I/ActivityManager(  357): START {act=android.intent.action.MAIN cmp=com.android.phone/.MobileNetworkSettings u=0} from pid 687
D/dalvikvm(  357): GC_FOR_ALLOC freed 2747K, 45% free 6901K/12359K, paused 51ms, total 51ms
D/dalvikvm(  357): GC_EXPLICIT freed 75K, 44% free 7041K/12359K, paused 3ms+5ms, total 62ms
D/dalvikvm(  577): GC_FOR_ALLOC freed 1207K, 41% free 4985K/8327K, paused 27ms, total 28ms
I/dalvikvm-heap(  577): Grow heap (frag case) to 13.967MB for 1048592-byte allocation
D/dalvikvm(  577): GC_CONCURRENT freed 99K, 31% free 6944K/10055K, paused 3ms+4ms, total 26ms
E/Sensors (  357): sensors_poll_context_t::pollEvents, line 202: receive event #### i=3, nb=1
I/ActivityManager(  357): Displayed com.android.phone/.MobileNetworkSettings: +521ms
I/ActivityManager(  357): No longer want com.bel.android.dspmanager (pid 770): hidden #16
W/ActivityManager(  357): Scheduling restart of crashed service com.bel.android.dspmanager/.service.HeadsetService in 5000ms
E/Sensors (  357): sensors_poll_context_t::pollEvents, line 202: receive event #### i=3, nb=1
E/Sensors (  357): sensors_poll_context_t::pollEvents, line 202: receive event #### i=3, nb=1
D/GsmUmtsOptions(  577): preferenceTreeClick: return false
D/ConnectivityService(  357): setMobileDataEnabled(false)
W/BackupManagerService(  357): dataChanged but no participant pkg='com.android.providers.settings' uid=1001
E/Sensors (  357): sensors_poll_context_t::pollEvents, line 202: receive event #### i=3, nb=1
D/GsmUmtsOptions(  577): preferenceTreeClick: return false
D/ConnectivityService(  357): setMobileDataEnabled(true)
W/BackupManagerService(  357): dataChanged but no participant pkg='com.android.providers.settings' uid=1001
I/ActivityManager(  357): Start proc com.bel.android.dspmanager for service com.bel.android.dspmanager/.service.HeadsetService: pid=5133 uid=10013 gids={3002, 1028}
E/Trace   ( 5133): error opening trace file: No such file or directory (2)
I/HeadsetService( 5133): Starting service.
E/Sensors (  357): sensors_poll_context_t::pollEvents, line 202: receive event #### i=3, nb=1
E/Sensors (  357): sensors_poll_context_t::pollEvents, line 202: receive event #### i=3, nb=1
D/GsmUmtsOptions(  577): preferenceTreeClick: return false
I/dalvikvm(  577): Jit: resizing JitTable from 4096 to 8192
E/Sensors (  357): sensors_poll_context_t::pollEvents, line 202: receive event #### i=3, nb=1
W/BackupManagerService(  357): dataChanged but no participant pkg='com.android.providers.settings' uid=1001
W/InputMethodManagerService(  357): Window already focused, ignoring focus gain of: com.android.internal.view.IInputMethodClient$Stub$Proxy@410634e0 attribute=null
E/Sensors (  357): sensors_poll_context_t::pollEvents, line 202: receive event #### i=3, nb=1
D/GsmUmtsOptions(  577): preferenceTreeClick: return false
I/ActivityManager(  357): START {act=android.intent.action.MAIN cmp=com.android.settings/.Settings$ApnSettingsActivity u=0} from pid 577
E/Sensors (  357): sensors_poll_context_t::pollEvents, line 202: receive event #### i=3, nb=1
D/dalvikvm(  577): GC_CONCURRENT freed 1670K, 30% free 7117K/10055K, paused 3ms+5ms, total 44ms
D/dalvikvm(  577): WAIT_FOR_CONCURRENT_GC blocked 22ms
D/dalvikvm(  577): GC_CONCURRENT freed 1960K, 31% free 6998K/10055K, paused 4ms+5ms, total 39ms
D/dalvikvm(  577): WAIT_FOR_CONCURRENT_GC blocked 15ms
D/dalvikvm(  577): GC_CONCURRENT freed 1837K, 31% free 7004K/10055K, paused 3ms+3ms, total 27ms
D/dalvikvm(  577): WAIT_FOR_CONCURRENT_GC blocked 13ms
D/dalvikvm(  577): GC_CONCURRENT freed 1835K, 31% free 7012K/10055K, paused 2ms+2ms, total 26ms
D/dalvikvm(  577): WAIT_FOR_CONCURRENT_GC blocked 15ms
D/dalvikvm(  577): GC_CONCURRENT freed 1846K, 31% free 7009K/10055K, paused 2ms+3ms, total 27ms
D/dalvikvm(  577): WAIT_FOR_CONCURRENT_GC blocked 14ms
D/dalvikvm(  577): GC_CONCURRENT freed 1835K, 31% free 7016K/10055K, paused 1ms+2ms, total 26ms
D/dalvikvm(  577): WAIT_FOR_CONCURRENT_GC blocked 14ms
D/dalvikvm(  577): GC_CONCURRENT freed 1838K, 31% free 7021K/10055K, paused 2ms+2ms, total 26ms
D/dalvikvm(  577): WAIT_FOR_CONCURRENT_GC blocked 14ms
I/InputDispatcher(  357): Dropping event because there is no touched window.
D/dalvikvm(  577): GC_CONCURRENT freed 1839K, 31% free 7024K/10055K, paused 2ms+3ms, total 27ms
D/dalvikvm(  577): WAIT_FOR_CONCURRENT_GC blocked 15ms
D/dalvikvm(  577): GC_CONCURRENT freed 1852K, 31% free 7015K/10055K, paused 2ms+3ms, total 26ms
D/dalvikvm(  577): WAIT_FOR_CONCURRENT_GC blocked 14ms
E/Sensors (  357): sensors_poll_context_t::pollEvents, line 202: receive event #### i=3, nb=1
D/dalvikvm(  577): GC_CONCURRENT freed 1838K, 31% free 7019K/10055K, paused 2ms+3ms, total 26ms
D/dalvikvm(  577): WAIT_FOR_CONCURRENT_GC blocked 15ms
D/dalvikvm(  577): GC_CONCURRENT freed 1840K, 31% free 7022K/10055K, paused 2ms+2ms, total 27ms
D/dalvikvm(  577): WAIT_FOR_CONCURRENT_GC blocked 14ms
D/dalvikvm(  577): GC_CONCURRENT freed 1837K, 31% free 7028K/10055K, paused 2ms+2ms, total 27ms
D/dalvikvm(  577): WAIT_FOR_CONCURRENT_GC blocked 14ms
D/dalvikvm(  577): GC_CONCURRENT freed 1841K, 31% free 7029K/10055K, paused 2ms+2ms, total 26ms
D/dalvikvm(  577): WAIT_FOR_CONCURRENT_GC blocked 14ms
D/dalvikvm(  577): GC_CONCURRENT freed 1838K, 31% free 7033K/10055K, paused 2ms+3ms, total 26ms
D/dalvikvm(  577): WAIT_FOR_CONCURRENT_GC blocked 15ms
D/dalvikvm(  577): GC_CONCURRENT freed 1854K, 31% free 7022K/10055K, paused 2ms+3ms, total 26ms
D/dalvikvm(  577): WAIT_FOR_CONCURRENT_GC blocked 14ms
D/dalvikvm(  577): GC_CONCURRENT freed 1835K, 31% free 7029K/10055K, paused 2ms+2ms, total 27ms
D/dalvikvm(  577): WAIT_FOR_CONCURRENT_GC blocked 14ms
D/dalvikvm(  577): GC_CONCURRENT freed 1841K, 31% free 7030K/10055K, paused 2ms+2ms, total 26ms
D/dalvikvm(  577): WAIT_FOR_CONCURRENT_GC blocked 14ms
D/dalvikvm(  577): GC_CONCURRENT freed 1853K, 31% free 7020K/10055K, paused 2ms+2ms, total 26ms
D/dalvikvm(  577): WAIT_FOR_CONCURRENT_GC blocked 14ms
D/dalvikvm(  577): GC_CONCURRENT freed 1827K, 31% free 7036K/10055K, paused 3ms+2ms, total 35ms
D/dalvikvm(  577): WAIT_FOR_CONCURRENT_GC blocked 11ms
E/Sensors (  357): sensors_poll_context_t::pollEvents, line 202: receive event #### i=3, nb=1
D/dalvikvm(  577): GC_CONCURRENT freed 1841K, 31% free 7038K/10055K, paused 3ms+3ms, total 34ms
D/dalvikvm(  577): WAIT_FOR_CONCURRENT_GC blocked 18ms
D/dalvikvm(  577): GC_CONCURRENT freed 1853K, 31% free 7027K/10055K, paused 2ms+2ms, total 26ms
D/dalvikvm(  577): WAIT_FOR_CONCURRENT_GC blocked 15ms
D/dalvikvm(  577): GC_CONCURRENT freed 1838K, 31% free 7032K/10055K, paused 2ms+2ms, total 27ms
D/dalvikvm(  577): WAIT_FOR_CONCURRENT_GC blocked 14ms
D/TelephonyProvider(  577): Preferred APN: -1
D/dalvikvm(  357): GC_CONCURRENT freed 584K, 34% free 8256K/12359K, paused 3ms+4ms, total 48ms
D/dalvikvm(  357): WAIT_FOR_CONCURRENT_GC blocked 39ms
I/Choreographer(  687): Skipped 221 frames!  The application may be doing too much work on its main thread.
W/System.err(  687): Removed 2131362317
W/System.err(  687): Removed 2131362328
W/System.err(  687): Removed 2131362329
I/ActivityManager(  357): Displayed com.android.settings/.Settings$ApnSettingsActivity: +3s911ms
W/System.err(  687): Removed 2131362317
W/System.err(  687): Removed 2131362328
W/System.err(  687): Removed 2131362329
E/Sensors (  357): sensors_poll_context_t::pollEvents, line 202: receive event #### i=3, nb=1
E/Sensors (  357): sensors_poll_context_t::pollEvents, line 202: receive event #### i=3, nb=1
I/Use2GOnlyCheckBoxPreference(  577): set preferred network type=1
W/BackupManagerService(  357): dataChanged but no participant pkg='com.android.providers.settings' uid=1001
D/GsmUmtsOptions(  577): preferenceTreeClick: return true
E/Sensors (  357): sensors_poll_context_t::pollEvents, line 202: receive event #### i=3, nb=1
D/GsmUmtsOptions(  577): preferenceTreeClick: return false
I/ActivityManager(  357): START {act=android.intent.action.MAIN cmp=com.android.phone/.NetworkSetting u=0} from pid 577
D/dalvikvm(  357): GC_FOR_ALLOC freed 377K, 34% free 8240K/12359K, paused 58ms, total 59ms
E/Sensors (  357): sensors_poll_context_t::pollEvents, line 202: receive event #### i=3, nb=1
I/ActivityManager(  357): Displayed com.android.phone/.NetworkSetting: +165ms
E/Sensors (  357): sensors_poll_context_t::pollEvents, line 202: receive event #### i=3, nb=1
E/Sensors (  357): sensors_poll_context_t::pollEvents, line 202: receive event #### i=3, nb=1
E/Sensors (  357): sensors_poll_context_t::pollEvents, line 202: receive event #### i=3, nb=1
W/lights  (  357): TP Button Light current value is 0 
W/lights  (  357): button_backlight:property_get,percent =0
E/Sensors (  357): sensors_poll_context_t::pollEvents, line 202: receive event #### i=3, nb=1
E/Sensors (  357): sensors_poll_context_t::pollEvents, line 202: receive event #### i=3, nb=1
E/Sensors (  357): sensors_poll_context_t::pollEvents, line 202: receive event #### i=3, nb=1
E/Sensors (  357): sensors_poll_context_t::pollEvents, line 202: receive event #### i=3, nb=1
E/Sensors (  357): sensors_poll_context_t::pollEvents, line 202: receive event #### i=3, nb=1
E/Sensors (  357): sensors_poll_context_t::pollEvents, line 202: receive event #### i=3, nb=1
E/Sensors (  357): sensors_poll_context_t::pollEvents, line 202: receive event #### i=3, nb=1
E/Sensors (  357): sensors_poll_context_t::pollEvents, line 202: receive event #### i=3, nb=1
E/Sensors (  357): sensors_poll_context_t::pollEvents, line 202: receive event #### i=3, nb=1
E/Sensors (  357): sensors_poll_context_t::pollEvents, line 202: receive event #### i=3, nb=1
E/Sensors (  357): sensors_poll_context_t::pollEvents, line 202: receive event #### i=3, nb=1
E/Sensors (  357): sensors_poll_context_t::pollEvents, line 202: receive event #### i=3, nb=1
E/Sensors (  357): sensors_poll_context_t::pollEvents, line 202: receive event #### i=3, nb=1
E/Sensors (  357): sensors_poll_context_t::pollEvents, line 202: receive event #### i=3, nb=1
E/Sensors (  357): sensors_poll_context_t::pollEvents, line 202: receive event #### i=3, nb=1
E/Sensors (  357): sensors_poll_context_t::pollEvents, line 202: receive event #### i=3, nb=1
E/Sensors (  357): sensors_poll_context_t::pollEvents, line 202: receive event #### i=3, nb=1
E/Sensors (  357): sensors_poll_context_t::pollEvents, line 202: receive event #### i=3, nb=1
E/Sensors (  357): sensors_poll_context_t::pollEvents, line 202: receive event #### i=3, nb=1
E/Sensors (  357): sensors_poll_context_t::pollEvents, line 202: receive event #### i=3, nb=1
E/Sensors (  357): sensors_poll_context_t::pollEvents, line 202: receive event #### i=3, nb=1
E/Sensors (  357): sensors_poll_context_t::pollEvents, line 202: receive event #### i=3, nb=1
E/Sensors (  357): sensors_poll_context_t::pollEvents, line 202: receive event #### i=3, nb=1
E/Sensors (  357): sensors_poll_context_t::pollEvents, line 202: receive event #### i=3, nb=1
E/Sensors (  357): sensors_poll_context_t::pollEvents, line 202: receive event #### i=3, nb=1
E/Sensors (  357): sensors_poll_context_t::pollEvents, line 202: receive event #### i=3, nb=1
E/Sensors (  357): sensors_poll_context_t::pollEvents, line 202: receive event #### i=3, nb=1
E/Sensors (  357): sensors_poll_context_t::pollEvents, line 202: receive event #### i=3, nb=1
E/Sensors (  357): sensors_poll_context_t::pollEvents, line 202: receive event #### i=3, nb=1
E/Sensors (  357): sensors_poll_context_t::pollEvents, line 202: receive event #### i=3, nb=1
E/Sensors (  357): sensors_poll_context_t::pollEvents, line 202: receive event #### i=3, nb=1
E/Sensors (  357): sensors_poll_context_t::pollEvents, line 202: receive event #### i=3, nb=1
E/Sensors (  357): sensors_poll_context_t::pollEvents, line 202: receive event #### i=3, nb=1
W/lights  (  357): LCD backlight current value =101
W/lights  (  357): lcd_backlight:property_get,percent =0
W/lights  (  357): LCD backlight current value =100
W/lights  (  357): lcd_backlight:property_get,percent =0
W/lights  (  357): LCD backlight current value =99
W/lights  (  357): lcd_backlight:property_get,percent =0
W/lights  (  357): LCD backlight current value =96
W/lights  (  357): lcd_backlight:property_get,percent =0
W/lights  (  357): LCD backlight current value =95
W/lights  (  357): lcd_backlight:property_get,percent =0
W/lights  (  357): LCD backlight current value =94
W/lights  (  357): lcd_backlight:property_get,percent =0
W/lights  (  357): LCD backlight current value =93
W/lights  (  357): lcd_backlight:property_get,percent =0
W/lights  (  357): LCD backlight current value =90
W/lights  (  357): lcd_backlight:property_get,percent =0
W/lights  (  357): LCD backlight current value =88
W/lights  (  357): lcd_backlight:property_get,percent =0
W/lights  (  357): LCD backlight current value =85
W/lights  (  357): lcd_backlight:property_get,percent =0
W/lights  (  357): LCD backlight current value =83
W/lights  (  357): lcd_backlight:property_get,percent =0
W/lights  (  357): LCD backlight current value =81
W/lights  (  357): lcd_backlight:property_get,percent =0
W/lights  (  357): LCD backlight current value =78
W/lights  (  357): lcd_backlight:property_get,percent =0
W/lights  (  357): LCD backlight current value =76
W/lights  (  357): lcd_backlight:property_get,percent =0
W/lights  (  357): LCD backlight current value =74
W/lights  (  357): lcd_backlight:property_get,percent =0
W/lights  (  357): LCD backlight current value =71
W/lights  (  357): lcd_backlight:property_get,percent =0
W/lights  (  357): LCD backlight current value =69
W/lights  (  357): lcd_backlight:property_get,percent =0
W/lights  (  357): LCD backlight current value =66
W/lights  (  357): lcd_backlight:property_get,percent =0
W/lights  (  357): LCD backlight current value =64
W/lights  (  357): lcd_backlight:property_get,percent =0
W/lights  (  357): LCD backlight current value =62
W/lights  (  357): lcd_backlight:property_get,percent =0
W/lights  (  357): LCD backlight current value =59
W/lights  (  357): lcd_backlight:property_get,percent =0
W/lights  (  357): LCD backlight current value =57
W/lights  (  357): lcd_backlight:property_get,percent =0
W/lights  (  357): LCD backlight current value =56
W/lights  (  357): lcd_backlight:property_get,percent =0
W/lights  (  357): LCD backlight current value =53
W/lights  (  357): lcd_backlight:property_get,percent =0
W/lights  (  357): LCD backlight current value =51
W/lights  (  357): lcd_backlight:property_get,percent =0
W/lights  (  357): LCD backlight current value =50
W/lights  (  357): lcd_backlight:property_get,percent =0
W/lights  (  357): LCD backlight current value =48
W/lights  (  357): lcd_backlight:property_get,percent =0
W/lights  (  357): LCD backlight current value =47
W/lights  (  357): lcd_backlight:property_get,percent =0
W/lights  (  357): LCD backlight current value =45
W/lights  (  357): lcd_backlight:property_get,percent =0
W/lights  (  357): LCD backlight current value =43
W/lights  (  357): lcd_backlight:property_get,percent =0
W/lights  (  357): LCD backlight current value =41
W/lights  (  357): lcd_backlight:property_get,percent =0
W/lights  (  357): LCD backlight current value =39
W/lights  (  357): lcd_backlight:property_get,percent =0
W/lights  (  357): LCD backlight current value =37
W/lights  (  357): lcd_backlight:property_get,percent =0
W/lights  (  357): LCD backlight current value =34
W/lights  (  357): lcd_backlight:property_get,percent =0
W/lights  (  357): LCD backlight current value =32
W/lights  (  357): lcd_backlight:property_get,percent =0
W/lights  (  357): LCD backlight current value =29
W/lights  (  357): lcd_backlight:property_get,percent =0
W/lights  (  357): LCD backlight current value =27
W/lights  (  357): lcd_backlight:property_get,percent =0
W/lights  (  357): LCD backlight current value =25
W/lights  (  357): lcd_backlight:property_get,percent =0
W/lights  (  357): LCD backlight current value =22
W/lights  (  357): lcd_backlight:property_get,percent =0
W/lights  (  357): LCD backlight current value =20
W/lights  (  357): lcd_backlight:property_get,percent =0
E/Sensors (  357): sensors_poll_context_t::pollEvents, line 202: receive event #### i=3, nb=1
E/Sensors (  357): sensors_poll_context_t::pollEvents, line 202: receive event #### i=3, nb=1
E/Sensors (  357): sensors_poll_context_t::pollEvents, line 202: receive event #### i=3, nb=1
E/Sensors (  357): sensors_poll_context_t::pollEvents, line 202: receive event #### i=3, nb=1
W/lights  (  357): TP Button Light current value is 0 
W/lights  (  357): button_backlight:property_get,percent =0
D/SurfaceFlinger(  156): About to give-up screen, flinger = 0x4147bb88
W/lights  (  357): LCD backlight current value =19
W/lights  (  357): lcd_backlight:property_get,percent =0
E/Sensors (  357): GsSensor: line +83 ~~~handle===0~~en==0~~!n
E/Sensors (  357): GsSensor::setDelay: line +114 ~~~handle===0~~ns==66667000~~
W/lights  (  357): LCD backlight current value =18
W/lights  (  357): lcd_backlight:property_get,percent =0
W/lights  (  357): LCD backlight current value =16
W/lights  (  357): lcd_backlight:property_get,percent =0
W/lights  (  357): LCD backlight current value =15
W/lights  (  357): lcd_backlight:property_get,percent =0
W/lights  (  357): LCD backlight current value =13
W/lights  (  357): lcd_backlight:property_get,percent =0
W/lights  (  357): LCD backlight current value =11
W/lights  (  357): lcd_backlight:property_get,percent =0
D/dalvikvm(  357): GC_FOR_ALLOC freed 1546K, 43% free 7072K/12359K, paused 51ms, total 53ms
W/lights  (  357): LCD backlight current value =5
W/lights  (  357): lcd_backlight:property_get,percent =0
W/lights  (  357): LCD backlight current value =3
W/lights  (  357): lcd_backlight:property_get,percent =0
D/AccelerometerListener(  577): enable(false)
W/lights  (  357): LCD backlight current value =1
W/lights  (  357): lcd_backlight:property_get,percent =0
W/lights  (  357): LCD backlight current value =0
W/lights  (  357): lcd_backlight:property_get,percent =0
V/LockPatternKeyguardView(  357): Set visibility on com.android.internal.policy.impl.LockPatternKeyguardView$5@4111d778 to 8388608
V/TransportControlView(  357): Create TCV com.android.internal.widget.TransportControlView@41002700
V/KeyguardViewManager(  357): KGVM: Set visibility on com.android.internal.policy.impl.KeyguardViewManager$KeyguardViewHost@410e2a08 to 6291456
D/PhoneStatusBar(  484): disable: < expand icons alerts ticker system_info back home RECENT* clock >
V/LockPatternKeyguardView(  357): Set visibility on com.android.internal.policy.impl.LockPatternKeyguardView$5@4111d778 to 8388608
D/PhoneStatusBar(  484): disable: < expand icons alerts ticker system_info BACK* HOME* RECENT CLOCK* >
V/LockPatternKeyguardView(  357): Set visibility on com.android.internal.policy.impl.LockPatternKeyguardView$5@4111d778 to 8388608
D/dalvikvm(  357): GC_CONCURRENT freed 1405K, 41% free 7400K/12359K, paused 8ms+6ms, total 135ms
W/ThrottleService(  357): unable to find stats for iface rmnet0
